# check prac4
date
Mon Nov 16 00:19:05 UTC 2020
hostname
safer
ip address
1: lo: <LOOPBACK,UP,LOWER_UP> mtu 65536 qdisc noqueue state UNKNOWN group default qlen 1000
    link/loopback 00:00:00:00:00:00 brd 00:00:00:00:00:00
    inet 127.0.0.1/8 scope host lo
       valid_lft forever preferred_lft forever
    inet6 ::1/128 scope host 
       valid_lft forever preferred_lft forever
2: ens33: <BROADCAST,MULTICAST,UP,LOWER_UP> mtu 1500 qdisc fq_codel state UP group default qlen 1000
    link/ether 00:0c:29:f5:e4:b0 brd ff:ff:ff:ff:ff:ff
    inet 192.168.26.132/24 brd 192.168.26.255 scope global dynamic ens33
       valid_lft 927sec preferred_lft 927sec
    inet6 fe80::20c:29ff:fef5:e4b0/64 scope link 
       valid_lft forever preferred_lft forever
whoami
root
last
kjchan   pts/0        192.168.26.134   Sun Nov 15 23:34   still logged in
kjchan   tty1                          Sun Nov 15 23:34   still logged in
reboot   system boot  4.15.0-123-gener Sun Nov 15 23:34   still running

wtmp begins Sun Nov 15 23:34:22 2020
tail /etc/passwd
_apt:x:104:65534::/nonexistent:/usr/sbin/nologin
lxd:x:105:65534::/var/lib/lxd/:/bin/false
uuidd:x:106:110::/run/uuidd:/usr/sbin/nologin
dnsmasq:x:107:65534:dnsmasq,,,:/var/lib/misc:/usr/sbin/nologin
landscape:x:108:112::/var/lib/landscape:/usr/sbin/nologin
pollinate:x:109:1::/var/cache/pollinate:/bin/false
kjchan:x:1000:1000:kjchan:/home/kjchan:/bin/bash
sshd:x:110:65534::/run/sshd:/usr/sbin/nologin
t:x:1001:1001:,,,:/home/t:/bin/bash
postfix:x:111:114::/var/spool/postfix:/usr/sbin/nologin
uname -a
Linux safer 4.15.0-123-generic #126-Ubuntu SMP Wed Oct 21 09:40:11 UTC 2020 x86_64 x86_64 x86_64 GNU/Linux
lsb_release -a
No LSB modules are available.
Distributor ID:	Ubuntu
Description:	Ubuntu 18.04.4 LTS
Release:	18.04
Codename:	bionic
dmesg
[    0.000000] Linux version 4.15.0-123-generic (buildd@lcy01-amd64-017) (gcc version 7.5.0 (Ubuntu 7.5.0-3ubuntu1~18.04)) #126-Ubuntu SMP Wed Oct 21 09:40:11 UTC 2020 (Ubuntu 4.15.0-123.126-generic 4.15.18)
[    0.000000] Command line: BOOT_IMAGE=/boot/vmlinuz-4.15.0-123-generic root=UUID=5e240b25-d08d-40f3-8ab3-65293f2aa70b ro maybe-ubiquity
[    0.000000] KERNEL supported cpus:
[    0.000000]   Intel GenuineIntel
[    0.000000]   AMD AuthenticAMD
[    0.000000]   Centaur CentaurHauls
[    0.000000] x86/fpu: Supporting XSAVE feature 0x001: 'x87 floating point registers'
[    0.000000] x86/fpu: Supporting XSAVE feature 0x002: 'SSE registers'
[    0.000000] x86/fpu: Supporting XSAVE feature 0x004: 'AVX registers'
[    0.000000] x86/fpu: xstate_offset[2]:  576, xstate_sizes[2]:  256
[    0.000000] x86/fpu: Enabled xstate features 0x7, context size is 832 bytes, using 'compacted' format.
[    0.000000] e820: BIOS-provided physical RAM map:
[    0.000000] BIOS-e820: [mem 0x0000000000000000-0x000000000009e7ff] usable
[    0.000000] BIOS-e820: [mem 0x000000000009e800-0x000000000009ffff] reserved
[    0.000000] BIOS-e820: [mem 0x00000000000dc000-0x00000000000fffff] reserved
[    0.000000] BIOS-e820: [mem 0x0000000000100000-0x00000000bfecffff] usable
[    0.000000] BIOS-e820: [mem 0x00000000bfed0000-0x00000000bfefefff] ACPI data
[    0.000000] BIOS-e820: [mem 0x00000000bfeff000-0x00000000bfefffff] ACPI NVS
[    0.000000] BIOS-e820: [mem 0x00000000bff00000-0x00000000bfffffff] usable
[    0.000000] BIOS-e820: [mem 0x00000000f0000000-0x00000000f7ffffff] reserved
[    0.000000] BIOS-e820: [mem 0x00000000fec00000-0x00000000fec0ffff] reserved
[    0.000000] BIOS-e820: [mem 0x00000000fee00000-0x00000000fee00fff] reserved
[    0.000000] BIOS-e820: [mem 0x00000000fffe0000-0x00000000ffffffff] reserved
[    0.000000] BIOS-e820: [mem 0x0000000100000000-0x000000013fffffff] usable
[    0.000000] NX (Execute Disable) protection: active
[    0.000000] SMBIOS 2.7 present.
[    0.000000] DMI: VMware, Inc. VMware Virtual Platform/440BX Desktop Reference Platform, BIOS 6.00 02/27/2020
[    0.000000] Hypervisor detected: VMware
[    0.000000] vmware: TSC freq read from hypervisor : 3599.997 MHz
[    0.000000] vmware: Host bus clock speed read from hypervisor : 66000000 Hz
[    0.000000] vmware: using sched offset of 1985416117 ns
[    0.000000] e820: update [mem 0x00000000-0x00000fff] usable ==> reserved
[    0.000000] e820: remove [mem 0x000a0000-0x000fffff] usable
[    0.000000] e820: last_pfn = 0x140000 max_arch_pfn = 0x400000000
[    0.000000] MTRR default type: uncachable
[    0.000000] MTRR fixed ranges enabled:
[    0.000000]   00000-9FFFF write-back
[    0.000000]   A0000-BFFFF uncachable
[    0.000000]   C0000-CFFFF write-protect
[    0.000000]   D0000-EFFFF uncachable
[    0.000000]   F0000-FFFFF write-protect
[    0.000000] MTRR variable ranges enabled:
[    0.000000]   0 base 00000000000 mask 7E000000000 write-back
[    0.000000]   1 base 000C0000000 mask 7FFC0000000 uncachable
[    0.000000]   2 disabled
[    0.000000]   3 disabled
[    0.000000]   4 disabled
[    0.000000]   5 disabled
[    0.000000]   6 disabled
[    0.000000]   7 disabled
[    0.000000] x86/PAT: Configuration [0-7]: WB  WC  UC- UC  WB  WP  UC- WT  
[    0.000000] total RAM covered: 130048M
[    0.000000] Found optimal setting for mtrr clean up
[    0.000000]  gran_size: 64K 	chunk_size: 64K 	num_reg: 7  	lose cover RAM: 0G
[    0.000000] e820: update [mem 0xc0000000-0xffffffff] usable ==> reserved
[    0.000000] e820: last_pfn = 0xc0000 max_arch_pfn = 0x400000000
[    0.000000] found SMP MP-table at [mem 0x000f6a70-0x000f6a7f]
[    0.000000] Scanning 1 areas for low memory corruption
[    0.000000] Using GB pages for direct mapping
[    0.000000] RAMDISK: [mem 0x31083000-0x34838fff]
[    0.000000] ACPI: Early table checksum verification disabled
[    0.000000] ACPI: RSDP 0x00000000000F6A00 000024 (v02 PTLTD )
[    0.000000] ACPI: XSDT 0x00000000BFEDC633 00005C (v01 INTEL  440BX    06040000 VMW  01324272)
[    0.000000] ACPI: FACP 0x00000000BFEFEE73 0000F4 (v04 INTEL  440BX    06040000 PTL  000F4240)
[    0.000000] ACPI: DSDT 0x00000000BFEDD9E8 02148B (v01 PTLTD  Custom   06040000 MSFT 03000001)
[    0.000000] ACPI: FACS 0x00000000BFEFFFC0 000040
[    0.000000] ACPI: FACS 0x00000000BFEFFFC0 000040
[    0.000000] ACPI: BOOT 0x00000000BFEDD9C0 000028 (v01 PTLTD  $SBFTBL$ 06040000  LTP 00000001)
[    0.000000] ACPI: APIC 0x00000000BFEDD27E 000742 (v01 PTLTD  ? APIC   06040000  LTP 00000000)
[    0.000000] ACPI: MCFG 0x00000000BFEDD242 00003C (v01 PTLTD  $PCITBL$ 06040000  LTP 00000001)
[    0.000000] ACPI: SRAT 0x00000000BFEDC72F 0008D0 (v02 VMWARE MEMPLUG  06040000 VMW  00000001)
[    0.000000] ACPI: HPET 0x00000000BFEDC6F7 000038 (v01 VMWARE VMW HPET 06040000 VMW  00000001)
[    0.000000] ACPI: WAET 0x00000000BFEDC6CF 000028 (v01 VMWARE VMW WAET 06040000 VMW  00000001)
[    0.000000] ACPI: Local APIC address 0xfee00000
[    0.000000] system APIC only can use physical flat
[    0.000000] Setting APIC routing to physical flat.
[    0.000000] SRAT: PXM 0 -> APIC 0x00 -> Node 0
[    0.000000] SRAT: PXM 0 -> APIC 0x02 -> Node 0
[    0.000000] SRAT: PXM 0 -> APIC 0x04 -> Node 0
[    0.000000] SRAT: PXM 0 -> APIC 0x06 -> Node 0
[    0.000000] SRAT: PXM 0 -> APIC 0x08 -> Node 0
[    0.000000] SRAT: PXM 0 -> APIC 0x0a -> Node 0
[    0.000000] SRAT: PXM 0 -> APIC 0x0c -> Node 0
[    0.000000] SRAT: PXM 0 -> APIC 0x0e -> Node 0
[    0.000000] SRAT: PXM 0 -> APIC 0x10 -> Node 0
[    0.000000] SRAT: PXM 0 -> APIC 0x12 -> Node 0
[    0.000000] SRAT: PXM 0 -> APIC 0x14 -> Node 0
[    0.000000] SRAT: PXM 0 -> APIC 0x16 -> Node 0
[    0.000000] SRAT: PXM 0 -> APIC 0x18 -> Node 0
[    0.000000] SRAT: PXM 0 -> APIC 0x1a -> Node 0
[    0.000000] SRAT: PXM 0 -> APIC 0x1c -> Node 0
[    0.000000] SRAT: PXM 0 -> APIC 0x1e -> Node 0
[    0.000000] SRAT: PXM 0 -> APIC 0x20 -> Node 0
[    0.000000] SRAT: PXM 0 -> APIC 0x22 -> Node 0
[    0.000000] SRAT: PXM 0 -> APIC 0x24 -> Node 0
[    0.000000] SRAT: PXM 0 -> APIC 0x26 -> Node 0
[    0.000000] SRAT: PXM 0 -> APIC 0x28 -> Node 0
[    0.000000] SRAT: PXM 0 -> APIC 0x2a -> Node 0
[    0.000000] SRAT: PXM 0 -> APIC 0x2c -> Node 0
[    0.000000] SRAT: PXM 0 -> APIC 0x2e -> Node 0
[    0.000000] SRAT: PXM 0 -> APIC 0x30 -> Node 0
[    0.000000] SRAT: PXM 0 -> APIC 0x32 -> Node 0
[    0.000000] SRAT: PXM 0 -> APIC 0x34 -> Node 0
[    0.000000] SRAT: PXM 0 -> APIC 0x36 -> Node 0
[    0.000000] SRAT: PXM 0 -> APIC 0x38 -> Node 0
[    0.000000] SRAT: PXM 0 -> APIC 0x3a -> Node 0
[    0.000000] SRAT: PXM 0 -> APIC 0x3c -> Node 0
[    0.000000] SRAT: PXM 0 -> APIC 0x3e -> Node 0
[    0.000000] SRAT: PXM 0 -> APIC 0x40 -> Node 0
[    0.000000] SRAT: PXM 0 -> APIC 0x42 -> Node 0
[    0.000000] SRAT: PXM 0 -> APIC 0x44 -> Node 0
[    0.000000] SRAT: PXM 0 -> APIC 0x46 -> Node 0
[    0.000000] SRAT: PXM 0 -> APIC 0x48 -> Node 0
[    0.000000] SRAT: PXM 0 -> APIC 0x4a -> Node 0
[    0.000000] SRAT: PXM 0 -> APIC 0x4c -> Node 0
[    0.000000] SRAT: PXM 0 -> APIC 0x4e -> Node 0
[    0.000000] SRAT: PXM 0 -> APIC 0x50 -> Node 0
[    0.000000] SRAT: PXM 0 -> APIC 0x52 -> Node 0
[    0.000000] SRAT: PXM 0 -> APIC 0x54 -> Node 0
[    0.000000] SRAT: PXM 0 -> APIC 0x56 -> Node 0
[    0.000000] SRAT: PXM 0 -> APIC 0x58 -> Node 0
[    0.000000] SRAT: PXM 0 -> APIC 0x5a -> Node 0
[    0.000000] SRAT: PXM 0 -> APIC 0x5c -> Node 0
[    0.000000] SRAT: PXM 0 -> APIC 0x5e -> Node 0
[    0.000000] SRAT: PXM 0 -> APIC 0x60 -> Node 0
[    0.000000] SRAT: PXM 0 -> APIC 0x62 -> Node 0
[    0.000000] SRAT: PXM 0 -> APIC 0x64 -> Node 0
[    0.000000] SRAT: PXM 0 -> APIC 0x66 -> Node 0
[    0.000000] SRAT: PXM 0 -> APIC 0x68 -> Node 0
[    0.000000] SRAT: PXM 0 -> APIC 0x6a -> Node 0
[    0.000000] SRAT: PXM 0 -> APIC 0x6c -> Node 0
[    0.000000] SRAT: PXM 0 -> APIC 0x6e -> Node 0
[    0.000000] SRAT: PXM 0 -> APIC 0x70 -> Node 0
[    0.000000] SRAT: PXM 0 -> APIC 0x72 -> Node 0
[    0.000000] SRAT: PXM 0 -> APIC 0x74 -> Node 0
[    0.000000] SRAT: PXM 0 -> APIC 0x76 -> Node 0
[    0.000000] SRAT: PXM 0 -> APIC 0x78 -> Node 0
[    0.000000] SRAT: PXM 0 -> APIC 0x7a -> Node 0
[    0.000000] SRAT: PXM 0 -> APIC 0x7c -> Node 0
[    0.000000] SRAT: PXM 0 -> APIC 0x7e -> Node 0
[    0.000000] SRAT: PXM 0 -> APIC 0x80 -> Node 0
[    0.000000] SRAT: PXM 0 -> APIC 0x82 -> Node 0
[    0.000000] SRAT: PXM 0 -> APIC 0x84 -> Node 0
[    0.000000] SRAT: PXM 0 -> APIC 0x86 -> Node 0
[    0.000000] SRAT: PXM 0 -> APIC 0x88 -> Node 0
[    0.000000] SRAT: PXM 0 -> APIC 0x8a -> Node 0
[    0.000000] SRAT: PXM 0 -> APIC 0x8c -> Node 0
[    0.000000] SRAT: PXM 0 -> APIC 0x8e -> Node 0
[    0.000000] SRAT: PXM 0 -> APIC 0x90 -> Node 0
[    0.000000] SRAT: PXM 0 -> APIC 0x92 -> Node 0
[    0.000000] SRAT: PXM 0 -> APIC 0x94 -> Node 0
[    0.000000] SRAT: PXM 0 -> APIC 0x96 -> Node 0
[    0.000000] SRAT: PXM 0 -> APIC 0x98 -> Node 0
[    0.000000] SRAT: PXM 0 -> APIC 0x9a -> Node 0
[    0.000000] SRAT: PXM 0 -> APIC 0x9c -> Node 0
[    0.000000] SRAT: PXM 0 -> APIC 0x9e -> Node 0
[    0.000000] SRAT: PXM 0 -> APIC 0xa0 -> Node 0
[    0.000000] SRAT: PXM 0 -> APIC 0xa2 -> Node 0
[    0.000000] SRAT: PXM 0 -> APIC 0xa4 -> Node 0
[    0.000000] SRAT: PXM 0 -> APIC 0xa6 -> Node 0
[    0.000000] SRAT: PXM 0 -> APIC 0xa8 -> Node 0
[    0.000000] SRAT: PXM 0 -> APIC 0xaa -> Node 0
[    0.000000] SRAT: PXM 0 -> APIC 0xac -> Node 0
[    0.000000] SRAT: PXM 0 -> APIC 0xae -> Node 0
[    0.000000] SRAT: PXM 0 -> APIC 0xb0 -> Node 0
[    0.000000] SRAT: PXM 0 -> APIC 0xb2 -> Node 0
[    0.000000] SRAT: PXM 0 -> APIC 0xb4 -> Node 0
[    0.000000] SRAT: PXM 0 -> APIC 0xb6 -> Node 0
[    0.000000] SRAT: PXM 0 -> APIC 0xb8 -> Node 0
[    0.000000] SRAT: PXM 0 -> APIC 0xba -> Node 0
[    0.000000] SRAT: PXM 0 -> APIC 0xbc -> Node 0
[    0.000000] SRAT: PXM 0 -> APIC 0xbe -> Node 0
[    0.000000] SRAT: PXM 0 -> APIC 0xc0 -> Node 0
[    0.000000] SRAT: PXM 0 -> APIC 0xc2 -> Node 0
[    0.000000] SRAT: PXM 0 -> APIC 0xc4 -> Node 0
[    0.000000] SRAT: PXM 0 -> APIC 0xc6 -> Node 0
[    0.000000] SRAT: PXM 0 -> APIC 0xc8 -> Node 0
[    0.000000] SRAT: PXM 0 -> APIC 0xca -> Node 0
[    0.000000] SRAT: PXM 0 -> APIC 0xcc -> Node 0
[    0.000000] SRAT: PXM 0 -> APIC 0xce -> Node 0
[    0.000000] SRAT: PXM 0 -> APIC 0xd0 -> Node 0
[    0.000000] SRAT: PXM 0 -> APIC 0xd2 -> Node 0
[    0.000000] SRAT: PXM 0 -> APIC 0xd4 -> Node 0
[    0.000000] SRAT: PXM 0 -> APIC 0xd6 -> Node 0
[    0.000000] SRAT: PXM 0 -> APIC 0xd8 -> Node 0
[    0.000000] SRAT: PXM 0 -> APIC 0xda -> Node 0
[    0.000000] SRAT: PXM 0 -> APIC 0xdc -> Node 0
[    0.000000] SRAT: PXM 0 -> APIC 0xde -> Node 0
[    0.000000] SRAT: PXM 0 -> APIC 0xe0 -> Node 0
[    0.000000] SRAT: PXM 0 -> APIC 0xe2 -> Node 0
[    0.000000] SRAT: PXM 0 -> APIC 0xe4 -> Node 0
[    0.000000] SRAT: PXM 0 -> APIC 0xe6 -> Node 0
[    0.000000] SRAT: PXM 0 -> APIC 0xe8 -> Node 0
[    0.000000] SRAT: PXM 0 -> APIC 0xea -> Node 0
[    0.000000] SRAT: PXM 0 -> APIC 0xec -> Node 0
[    0.000000] SRAT: PXM 0 -> APIC 0xee -> Node 0
[    0.000000] SRAT: PXM 0 -> APIC 0xf0 -> Node 0
[    0.000000] SRAT: PXM 0 -> APIC 0xf2 -> Node 0
[    0.000000] SRAT: PXM 0 -> APIC 0xf4 -> Node 0
[    0.000000] SRAT: PXM 0 -> APIC 0xf6 -> Node 0
[    0.000000] SRAT: PXM 0 -> APIC 0xf8 -> Node 0
[    0.000000] SRAT: PXM 0 -> APIC 0xfa -> Node 0
[    0.000000] SRAT: PXM 0 -> APIC 0xfc -> Node 0
[    0.000000] SRAT: PXM 0 -> APIC 0xfe -> Node 0
[    0.000000] ACPI: SRAT: Node 0 PXM 0 [mem 0x00000000-0x0009ffff]
[    0.000000] ACPI: SRAT: Node 0 PXM 0 [mem 0x00100000-0xbfffffff]
[    0.000000] ACPI: SRAT: Node 0 PXM 0 [mem 0x100000000-0x13fffffff]
[    0.000000] ACPI: SRAT: Node 0 PXM 0 [mem 0x140000000-0x103fffffff] hotplug
[    0.000000] NUMA: Node 0 [mem 0x00000000-0x0009ffff] + [mem 0x00100000-0xbfffffff] -> [mem 0x00000000-0xbfffffff]
[    0.000000] NUMA: Node 0 [mem 0x00000000-0xbfffffff] + [mem 0x100000000-0x13fffffff] -> [mem 0x00000000-0x13fffffff]
[    0.000000] NODE_DATA(0) allocated [mem 0x13ffd5000-0x13fffffff]
[    0.000000] Zone ranges:
[    0.000000]   DMA      [mem 0x0000000000001000-0x0000000000ffffff]
[    0.000000]   DMA32    [mem 0x0000000001000000-0x00000000ffffffff]
[    0.000000]   Normal   [mem 0x0000000100000000-0x000000013fffffff]
[    0.000000]   Device   empty
[    0.000000] Movable zone start for each node
[    0.000000] Early memory node ranges
[    0.000000]   node   0: [mem 0x0000000000001000-0x000000000009dfff]
[    0.000000]   node   0: [mem 0x0000000000100000-0x00000000bfecffff]
[    0.000000]   node   0: [mem 0x00000000bff00000-0x00000000bfffffff]
[    0.000000]   node   0: [mem 0x0000000100000000-0x000000013fffffff]
[    0.000000] Reserved but unavailable: 99 pages
[    0.000000] Initmem setup node 0 [mem 0x0000000000001000-0x000000013fffffff]
[    0.000000] On node 0 totalpages: 1048429
[    0.000000]   DMA zone: 64 pages used for memmap
[    0.000000]   DMA zone: 21 pages reserved
[    0.000000]   DMA zone: 3997 pages, LIFO batch:0
[    0.000000]   DMA32 zone: 12224 pages used for memmap
[    0.000000]   DMA32 zone: 782288 pages, LIFO batch:31
[    0.000000]   Normal zone: 4096 pages used for memmap
[    0.000000]   Normal zone: 262144 pages, LIFO batch:31
[    0.000000] ACPI: PM-Timer IO Port: 0x1008
[    0.000000] ACPI: Local APIC address 0xfee00000
[    0.000000] system APIC only can use physical flat
[    0.000000] ACPI: LAPIC_NMI (acpi_id[0x00] high edge lint[0x1])
[    0.000000] ACPI: LAPIC_NMI (acpi_id[0x01] high edge lint[0x1])
[    0.000000] ACPI: LAPIC_NMI (acpi_id[0x02] high edge lint[0x1])
[    0.000000] ACPI: LAPIC_NMI (acpi_id[0x03] high edge lint[0x1])
[    0.000000] ACPI: LAPIC_NMI (acpi_id[0x04] high edge lint[0x1])
[    0.000000] ACPI: LAPIC_NMI (acpi_id[0x05] high edge lint[0x1])
[    0.000000] ACPI: LAPIC_NMI (acpi_id[0x06] high edge lint[0x1])
[    0.000000] ACPI: LAPIC_NMI (acpi_id[0x07] high edge lint[0x1])
[    0.000000] ACPI: LAPIC_NMI (acpi_id[0x08] high edge lint[0x1])
[    0.000000] ACPI: LAPIC_NMI (acpi_id[0x09] high edge lint[0x1])
[    0.000000] ACPI: LAPIC_NMI (acpi_id[0x0a] high edge lint[0x1])
[    0.000000] ACPI: LAPIC_NMI (acpi_id[0x0b] high edge lint[0x1])
[    0.000000] ACPI: LAPIC_NMI (acpi_id[0x0c] high edge lint[0x1])
[    0.000000] ACPI: LAPIC_NMI (acpi_id[0x0d] high edge lint[0x1])
[    0.000000] ACPI: LAPIC_NMI (acpi_id[0x0e] high edge lint[0x1])
[    0.000000] ACPI: LAPIC_NMI (acpi_id[0x0f] high edge lint[0x1])
[    0.000000] ACPI: LAPIC_NMI (acpi_id[0x10] high edge lint[0x1])
[    0.000000] ACPI: LAPIC_NMI (acpi_id[0x11] high edge lint[0x1])
[    0.000000] ACPI: LAPIC_NMI (acpi_id[0x12] high edge lint[0x1])
[    0.000000] ACPI: LAPIC_NMI (acpi_id[0x13] high edge lint[0x1])
[    0.000000] ACPI: LAPIC_NMI (acpi_id[0x14] high edge lint[0x1])
[    0.000000] ACPI: LAPIC_NMI (acpi_id[0x15] high edge lint[0x1])
[    0.000000] ACPI: LAPIC_NMI (acpi_id[0x16] high edge lint[0x1])
[    0.000000] ACPI: LAPIC_NMI (acpi_id[0x17] high edge lint[0x1])
[    0.000000] ACPI: LAPIC_NMI (acpi_id[0x18] high edge lint[0x1])
[    0.000000] ACPI: LAPIC_NMI (acpi_id[0x19] high edge lint[0x1])
[    0.000000] ACPI: LAPIC_NMI (acpi_id[0x1a] high edge lint[0x1])
[    0.000000] ACPI: LAPIC_NMI (acpi_id[0x1b] high edge lint[0x1])
[    0.000000] ACPI: LAPIC_NMI (acpi_id[0x1c] high edge lint[0x1])
[    0.000000] ACPI: LAPIC_NMI (acpi_id[0x1d] high edge lint[0x1])
[    0.000000] ACPI: LAPIC_NMI (acpi_id[0x1e] high edge lint[0x1])
[    0.000000] ACPI: LAPIC_NMI (acpi_id[0x1f] high edge lint[0x1])
[    0.000000] ACPI: LAPIC_NMI (acpi_id[0x20] high edge lint[0x1])
[    0.000000] ACPI: LAPIC_NMI (acpi_id[0x21] high edge lint[0x1])
[    0.000000] ACPI: LAPIC_NMI (acpi_id[0x22] high edge lint[0x1])
[    0.000000] ACPI: LAPIC_NMI (acpi_id[0x23] high edge lint[0x1])
[    0.000000] ACPI: LAPIC_NMI (acpi_id[0x24] high edge lint[0x1])
[    0.000000] ACPI: LAPIC_NMI (acpi_id[0x25] high edge lint[0x1])
[    0.000000] ACPI: LAPIC_NMI (acpi_id[0x26] high edge lint[0x1])
[    0.000000] ACPI: LAPIC_NMI (acpi_id[0x27] high edge lint[0x1])
[    0.000000] ACPI: LAPIC_NMI (acpi_id[0x28] high edge lint[0x1])
[    0.000000] ACPI: LAPIC_NMI (acpi_id[0x29] high edge lint[0x1])
[    0.000000] ACPI: LAPIC_NMI (acpi_id[0x2a] high edge lint[0x1])
[    0.000000] ACPI: LAPIC_NMI (acpi_id[0x2b] high edge lint[0x1])
[    0.000000] ACPI: LAPIC_NMI (acpi_id[0x2c] high edge lint[0x1])
[    0.000000] ACPI: LAPIC_NMI (acpi_id[0x2d] high edge lint[0x1])
[    0.000000] ACPI: LAPIC_NMI (acpi_id[0x2e] high edge lint[0x1])
[    0.000000] ACPI: LAPIC_NMI (acpi_id[0x2f] high edge lint[0x1])
[    0.000000] ACPI: LAPIC_NMI (acpi_id[0x30] high edge lint[0x1])
[    0.000000] ACPI: LAPIC_NMI (acpi_id[0x31] high edge lint[0x1])
[    0.000000] ACPI: LAPIC_NMI (acpi_id[0x32] high edge lint[0x1])
[    0.000000] ACPI: LAPIC_NMI (acpi_id[0x33] high edge lint[0x1])
[    0.000000] ACPI: LAPIC_NMI (acpi_id[0x34] high edge lint[0x1])
[    0.000000] ACPI: LAPIC_NMI (acpi_id[0x35] high edge lint[0x1])
[    0.000000] ACPI: LAPIC_NMI (acpi_id[0x36] high edge lint[0x1])
[    0.000000] ACPI: LAPIC_NMI (acpi_id[0x37] high edge lint[0x1])
[    0.000000] ACPI: LAPIC_NMI (acpi_id[0x38] high edge lint[0x1])
[    0.000000] ACPI: LAPIC_NMI (acpi_id[0x39] high edge lint[0x1])
[    0.000000] ACPI: LAPIC_NMI (acpi_id[0x3a] high edge lint[0x1])
[    0.000000] ACPI: LAPIC_NMI (acpi_id[0x3b] high edge lint[0x1])
[    0.000000] ACPI: LAPIC_NMI (acpi_id[0x3c] high edge lint[0x1])
[    0.000000] ACPI: LAPIC_NMI (acpi_id[0x3d] high edge lint[0x1])
[    0.000000] ACPI: LAPIC_NMI (acpi_id[0x3e] high edge lint[0x1])
[    0.000000] ACPI: LAPIC_NMI (acpi_id[0x3f] high edge lint[0x1])
[    0.000000] ACPI: LAPIC_NMI (acpi_id[0x40] high edge lint[0x1])
[    0.000000] ACPI: LAPIC_NMI (acpi_id[0x41] high edge lint[0x1])
[    0.000000] ACPI: LAPIC_NMI (acpi_id[0x42] high edge lint[0x1])
[    0.000000] ACPI: LAPIC_NMI (acpi_id[0x43] high edge lint[0x1])
[    0.000000] ACPI: LAPIC_NMI (acpi_id[0x44] high edge lint[0x1])
[    0.000000] ACPI: LAPIC_NMI (acpi_id[0x45] high edge lint[0x1])
[    0.000000] ACPI: LAPIC_NMI (acpi_id[0x46] high edge lint[0x1])
[    0.000000] ACPI: LAPIC_NMI (acpi_id[0x47] high edge lint[0x1])
[    0.000000] ACPI: LAPIC_NMI (acpi_id[0x48] high edge lint[0x1])
[    0.000000] ACPI: LAPIC_NMI (acpi_id[0x49] high edge lint[0x1])
[    0.000000] ACPI: LAPIC_NMI (acpi_id[0x4a] high edge lint[0x1])
[    0.000000] ACPI: LAPIC_NMI (acpi_id[0x4b] high edge lint[0x1])
[    0.000000] ACPI: LAPIC_NMI (acpi_id[0x4c] high edge lint[0x1])
[    0.000000] ACPI: LAPIC_NMI (acpi_id[0x4d] high edge lint[0x1])
[    0.000000] ACPI: LAPIC_NMI (acpi_id[0x4e] high edge lint[0x1])
[    0.000000] ACPI: LAPIC_NMI (acpi_id[0x4f] high edge lint[0x1])
[    0.000000] ACPI: LAPIC_NMI (acpi_id[0x50] high edge lint[0x1])
[    0.000000] ACPI: LAPIC_NMI (acpi_id[0x51] high edge lint[0x1])
[    0.000000] ACPI: LAPIC_NMI (acpi_id[0x52] high edge lint[0x1])
[    0.000000] ACPI: LAPIC_NMI (acpi_id[0x53] high edge lint[0x1])
[    0.000000] ACPI: LAPIC_NMI (acpi_id[0x54] high edge lint[0x1])
[    0.000000] ACPI: LAPIC_NMI (acpi_id[0x55] high edge lint[0x1])
[    0.000000] ACPI: LAPIC_NMI (acpi_id[0x56] high edge lint[0x1])
[    0.000000] ACPI: LAPIC_NMI (acpi_id[0x57] high edge lint[0x1])
[    0.000000] ACPI: LAPIC_NMI (acpi_id[0x58] high edge lint[0x1])
[    0.000000] ACPI: LAPIC_NMI (acpi_id[0x59] high edge lint[0x1])
[    0.000000] ACPI: LAPIC_NMI (acpi_id[0x5a] high edge lint[0x1])
[    0.000000] ACPI: LAPIC_NMI (acpi_id[0x5b] high edge lint[0x1])
[    0.000000] ACPI: LAPIC_NMI (acpi_id[0x5c] high edge lint[0x1])
[    0.000000] ACPI: LAPIC_NMI (acpi_id[0x5d] high edge lint[0x1])
[    0.000000] ACPI: LAPIC_NMI (acpi_id[0x5e] high edge lint[0x1])
[    0.000000] ACPI: LAPIC_NMI (acpi_id[0x5f] high edge lint[0x1])
[    0.000000] ACPI: LAPIC_NMI (acpi_id[0x60] high edge lint[0x1])
[    0.000000] ACPI: LAPIC_NMI (acpi_id[0x61] high edge lint[0x1])
[    0.000000] ACPI: LAPIC_NMI (acpi_id[0x62] high edge lint[0x1])
[    0.000000] ACPI: LAPIC_NMI (acpi_id[0x63] high edge lint[0x1])
[    0.000000] ACPI: LAPIC_NMI (acpi_id[0x64] high edge lint[0x1])
[    0.000000] ACPI: LAPIC_NMI (acpi_id[0x65] high edge lint[0x1])
[    0.000000] ACPI: LAPIC_NMI (acpi_id[0x66] high edge lint[0x1])
[    0.000000] ACPI: LAPIC_NMI (acpi_id[0x67] high edge lint[0x1])
[    0.000000] ACPI: LAPIC_NMI (acpi_id[0x68] high edge lint[0x1])
[    0.000000] ACPI: LAPIC_NMI (acpi_id[0x69] high edge lint[0x1])
[    0.000000] ACPI: LAPIC_NMI (acpi_id[0x6a] high edge lint[0x1])
[    0.000000] ACPI: LAPIC_NMI (acpi_id[0x6b] high edge lint[0x1])
[    0.000000] ACPI: LAPIC_NMI (acpi_id[0x6c] high edge lint[0x1])
[    0.000000] ACPI: LAPIC_NMI (acpi_id[0x6d] high edge lint[0x1])
[    0.000000] ACPI: LAPIC_NMI (acpi_id[0x6e] high edge lint[0x1])
[    0.000000] ACPI: LAPIC_NMI (acpi_id[0x6f] high edge lint[0x1])
[    0.000000] ACPI: LAPIC_NMI (acpi_id[0x70] high edge lint[0x1])
[    0.000000] ACPI: LAPIC_NMI (acpi_id[0x71] high edge lint[0x1])
[    0.000000] ACPI: LAPIC_NMI (acpi_id[0x72] high edge lint[0x1])
[    0.000000] ACPI: LAPIC_NMI (acpi_id[0x73] high edge lint[0x1])
[    0.000000] ACPI: LAPIC_NMI (acpi_id[0x74] high edge lint[0x1])
[    0.000000] ACPI: LAPIC_NMI (acpi_id[0x75] high edge lint[0x1])
[    0.000000] ACPI: LAPIC_NMI (acpi_id[0x76] high edge lint[0x1])
[    0.000000] ACPI: LAPIC_NMI (acpi_id[0x77] high edge lint[0x1])
[    0.000000] ACPI: LAPIC_NMI (acpi_id[0x78] high edge lint[0x1])
[    0.000000] ACPI: LAPIC_NMI (acpi_id[0x79] high edge lint[0x1])
[    0.000000] ACPI: LAPIC_NMI (acpi_id[0x7a] high edge lint[0x1])
[    0.000000] ACPI: LAPIC_NMI (acpi_id[0x7b] high edge lint[0x1])
[    0.000000] ACPI: LAPIC_NMI (acpi_id[0x7c] high edge lint[0x1])
[    0.000000] ACPI: LAPIC_NMI (acpi_id[0x7d] high edge lint[0x1])
[    0.000000] ACPI: LAPIC_NMI (acpi_id[0x7e] high edge lint[0x1])
[    0.000000] ACPI: LAPIC_NMI (acpi_id[0x7f] high edge lint[0x1])
[    0.000000] IOAPIC[0]: apic_id 1, version 32, address 0xfec00000, GSI 0-23
[    0.000000] ACPI: INT_SRC_OVR (bus 0 bus_irq 0 global_irq 2 high edge)
[    0.000000] ACPI: IRQ0 used by override.
[    0.000000] ACPI: IRQ9 used by override.
[    0.000000] Using ACPI (MADT) for SMP configuration information
[    0.000000] ACPI: HPET id: 0x8086af01 base: 0xfed00000
[    0.000000] smpboot: Allowing 128 CPUs, 126 hotplug CPUs
[    0.000000] PM: Registered nosave memory: [mem 0x00000000-0x00000fff]
[    0.000000] PM: Registered nosave memory: [mem 0x0009e000-0x0009efff]
[    0.000000] PM: Registered nosave memory: [mem 0x0009f000-0x0009ffff]
[    0.000000] PM: Registered nosave memory: [mem 0x000a0000-0x000dbfff]
[    0.000000] PM: Registered nosave memory: [mem 0x000dc000-0x000fffff]
[    0.000000] PM: Registered nosave memory: [mem 0xbfed0000-0xbfefefff]
[    0.000000] PM: Registered nosave memory: [mem 0xbfeff000-0xbfefffff]
[    0.000000] PM: Registered nosave memory: [mem 0xc0000000-0xefffffff]
[    0.000000] PM: Registered nosave memory: [mem 0xf0000000-0xf7ffffff]
[    0.000000] PM: Registered nosave memory: [mem 0xf8000000-0xfebfffff]
[    0.000000] PM: Registered nosave memory: [mem 0xfec00000-0xfec0ffff]
[    0.000000] PM: Registered nosave memory: [mem 0xfec10000-0xfedfffff]
[    0.000000] PM: Registered nosave memory: [mem 0xfee00000-0xfee00fff]
[    0.000000] PM: Registered nosave memory: [mem 0xfee01000-0xfffdffff]
[    0.000000] PM: Registered nosave memory: [mem 0xfffe0000-0xffffffff]
[    0.000000] e820: [mem 0xc0000000-0xefffffff] available for PCI devices
[    0.000000] Booting paravirtualized kernel on VMware hypervisor
[    0.000000] clocksource: refined-jiffies: mask: 0xffffffff max_cycles: 0xffffffff, max_idle_ns: 7645519600211568 ns
[    0.000000] random: get_random_bytes called from start_kernel+0x99/0x500 with crng_init=0
[    0.000000] setup_percpu: NR_CPUS:8192 nr_cpumask_bits:128 nr_cpu_ids:128 nr_node_ids:1
[    0.000000] percpu: Embedded 45 pages/cpu s147456 r8192 d28672 u262144
[    0.000000] pcpu-alloc: s147456 r8192 d28672 u262144 alloc=1*2097152
[    0.000000] pcpu-alloc: [0] 000 001 002 003 004 005 006 007 
[    0.000000] pcpu-alloc: [0] 008 009 010 011 012 013 014 015 
[    0.000000] pcpu-alloc: [0] 016 017 018 019 020 021 022 023 
[    0.000000] pcpu-alloc: [0] 024 025 026 027 028 029 030 031 
[    0.000000] pcpu-alloc: [0] 032 033 034 035 036 037 038 039 
[    0.000000] pcpu-alloc: [0] 040 041 042 043 044 045 046 047 
[    0.000000] pcpu-alloc: [0] 048 049 050 051 052 053 054 055 
[    0.000000] pcpu-alloc: [0] 056 057 058 059 060 061 062 063 
[    0.000000] pcpu-alloc: [0] 064 065 066 067 068 069 070 071 
[    0.000000] pcpu-alloc: [0] 072 073 074 075 076 077 078 079 
[    0.000000] pcpu-alloc: [0] 080 081 082 083 084 085 086 087 
[    0.000000] pcpu-alloc: [0] 088 089 090 091 092 093 094 095 
[    0.000000] pcpu-alloc: [0] 096 097 098 099 100 101 102 103 
[    0.000000] pcpu-alloc: [0] 104 105 106 107 108 109 110 111 
[    0.000000] pcpu-alloc: [0] 112 113 114 115 116 117 118 119 
[    0.000000] pcpu-alloc: [0] 120 121 122 123 124 125 126 127 
[    0.000000] Built 1 zonelists, mobility grouping on.  Total pages: 1032024
[    0.000000] Policy zone: Normal
[    0.000000] Kernel command line: BOOT_IMAGE=/boot/vmlinuz-4.15.0-123-generic root=UUID=5e240b25-d08d-40f3-8ab3-65293f2aa70b ro maybe-ubiquity
[    0.000000] log_buf_len individual max cpu contribution: 4096 bytes
[    0.000000] log_buf_len total cpu_extra contributions: 520192 bytes
[    0.000000] log_buf_len min size: 262144 bytes
[    0.000000] log_buf_len: 1048576 bytes
[    0.000000] early log buf free: 235976(90%)
[    0.000000] Calgary: detecting Calgary via BIOS EBDA area
[    0.000000] Calgary: Unable to locate Rio Grande table in EBDA - bailing!
[    0.000000] Memory: 3952456K/4193716K available (12300K kernel code, 2482K rwdata, 4272K rodata, 2436K init, 2724K bss, 241260K reserved, 0K cma-reserved)
[    0.000000] SLUB: HWalign=64, Order=0-3, MinObjects=0, CPUs=128, Nodes=1
[    0.000000] ftrace: allocating 39402 entries in 154 pages
[    0.004000] Hierarchical RCU implementation.
[    0.004000] 	RCU restricting CPUs from NR_CPUS=8192 to nr_cpu_ids=128.
[    0.004000] 	Tasks RCU enabled.
[    0.004000] RCU: Adjusting geometry for rcu_fanout_leaf=16, nr_cpu_ids=128
[    0.004000] NR_IRQS: 524544, nr_irqs: 1448, preallocated irqs: 16
[    0.004000] Console: colour VGA+ 80x25
[    0.004000] console [tty0] enabled
[    0.004000] ACPI: Core revision 20170831
[    0.004000] ACPI: 1 ACPI AML tables successfully acquired and loaded
[    0.004000] clocksource: hpet: mask: 0xffffffff max_cycles: 0xffffffff, max_idle_ns: 133484882848 ns
[    0.004000] hpet clockevent registered
[    0.004007] APIC: Switch to symmetric I/O mode setup
[    0.004234] x2apic enabled
[    0.004501] Switched APIC routing to physical x2apic.
[    0.005723] ..TIMER: vector=0x30 apic1=0 pin1=2 apic2=-1 pin2=-1
[    0.005869] tsc: Detected 3599.997 MHz processor
[    0.005965] Calibrating delay loop (skipped) preset value.. 7199.99 BogoMIPS (lpj=14399988)
[    0.005965] pid_max: default: 131072 minimum: 1024
[    0.005965] Security Framework initialized
[    0.005965] Yama: becoming mindful.
[    0.005965] AppArmor: AppArmor initialized
[    0.006195] Dentry cache hash table entries: 524288 (order: 10, 4194304 bytes)
[    0.008669] Inode-cache hash table entries: 262144 (order: 9, 2097152 bytes)
[    0.008885] Mount-cache hash table entries: 8192 (order: 4, 65536 bytes)
[    0.009099] Mountpoint-cache hash table entries: 8192 (order: 4, 65536 bytes)
[    0.009696] LVT offset 2 assigned for vector 0xf4
[    0.009805] Last level iTLB entries: 4KB 1024, 2MB 1024, 4MB 512
[    0.009976] Last level dTLB entries: 4KB 1536, 2MB 1536, 4MB 768, 1GB 0
[    0.010134] Spectre V1 : Mitigation: usercopy/swapgs barriers and __user pointer sanitization
[    0.010330] Spectre V2 : Mitigation: Full AMD retpoline
[    0.010438] Spectre V2 : Spectre v2 / SpectreRSB mitigation: Filling RSB on context switch
[    0.010616] Spectre V2 : mitigation: Enabling conditional Indirect Branch Prediction Barrier
[    0.010790] Speculative Store Bypass: Mitigation: Speculative Store Bypass disabled via prctl and seccomp
[    0.018457] Freeing SMP alternatives memory: 36K
[    0.021226] smpboot: CPU0: AMD Ryzen 5 2600X Six-Core Processor (family: 0x17, model: 0x8, stepping: 0x2)
[    0.021537] Performance Events: AMD PMU driver.
[    0.021642] ... version:                0
[    0.021728] ... bit width:              48
[    0.021816] ... generic registers:      4
[    0.021901] ... value mask:             0000ffffffffffff
[    0.022023] ... max period:             00007fffffffffff
[    0.022134] ... fixed-purpose events:   0
[    0.022224] ... event mask:             000000000000000f
[    0.022400] Hierarchical SRCU implementation.
[    0.025785] NMI watchdog: Enabled. Permanently consumes one hw-PMU counter.
[    0.026005] smp: Bringing up secondary CPUs ...
[    0.026242] x86: Booting SMP configuration:
[    0.026347] .... node  #0, CPUs:          #1
[    0.004000] smpboot: CPU 1 Converting physical 2 to logical package 1
[    0.027447] smp: Brought up 1 node, 2 CPUs
[    0.027447] smpboot: Max logical packages: 128
[    0.027447] smpboot: Total of 2 processors activated (14399.98 BogoMIPS)
[    0.028516] devtmpfs: initialized
[    0.028516] x86/mm: Memory block size: 128MB
[    0.028516] evm: security.selinux
[    0.028516] evm: security.SMACK64
[    0.028517] evm: security.SMACK64EXEC
[    0.028546] evm: security.SMACK64TRANSMUTE
[    0.028578] evm: security.SMACK64MMAP
[    0.028607] evm: security.apparmor
[    0.028635] evm: security.ima
[    0.028660] evm: security.capability
[    0.028787] PM: Registering ACPI NVS region [mem 0xbfeff000-0xbfefffff] (4096 bytes)
[    0.028787] clocksource: jiffies: mask: 0xffffffff max_cycles: 0xffffffff, max_idle_ns: 7645041785100000 ns
[    0.028787] futex hash table entries: 32768 (order: 9, 2097152 bytes)
[    0.028985] pinctrl core: initialized pinctrl subsystem
[    0.029182] RTC time: 23:34:25, date: 11/15/20
[    0.032326] NET: Registered protocol family 16
[    0.032443] audit: initializing netlink subsys (disabled)
[    0.032536] audit: type=2000 audit(1605483265.032:1): state=initialized audit_enabled=0 res=1
[    0.032536] cpuidle: using governor ladder
[    0.032536] cpuidle: using governor menu
[    0.032536] Simple Boot Flag at 0x36 set to 0x80
[    0.032536] ACPI: bus type PCI registered
[    0.032536] acpiphp: ACPI Hot Plug PCI Controller Driver version: 0.5
[    0.032536] PCI: MMCONFIG for domain 0000 [bus 00-7f] at [mem 0xf0000000-0xf7ffffff] (base 0xf0000000)
[    0.032536] PCI: MMCONFIG at [mem 0xf0000000-0xf7ffffff] reserved in E820
[    0.032536] PCI: Using configuration type 1 for base access
[    0.032991] HugeTLB registered 1.00 GiB page size, pre-allocated 0 pages
[    0.032991] HugeTLB registered 2.00 MiB page size, pre-allocated 0 pages
[    0.036378] ACPI: Added _OSI(Module Device)
[    0.036416] ACPI: Added _OSI(Processor Device)
[    0.036450] ACPI: Added _OSI(3.0 _SCP Extensions)
[    0.036486] ACPI: Added _OSI(Processor Aggregator Device)
[    0.036525] ACPI: Added _OSI(Linux-Dell-Video)
[    0.036559] ACPI: Added _OSI(Linux-Lenovo-NV-HDMI-Audio)
[    0.036598] ACPI: Added _OSI(Linux-HPI-Hybrid-Graphics)
[    0.042440] ACPI: [Firmware Bug]: BIOS _OSI(Linux) query ignored
[    0.066212] ACPI: Interpreter enabled
[    0.066263] ACPI: (supports S0 S1 S4 S5)
[    0.066295] ACPI: Using IOAPIC for interrupt routing
[    0.066356] PCI: Using host bridge windows from ACPI; if necessary, use "pci=nocrs" and report a bug
[    0.068166] ACPI: Enabled 4 GPEs in block 00 to 0F
[    0.288583] ACPI: PCI Root Bridge [PCI0] (domain 0000 [bus 00-7f])
[    0.288639] acpi PNP0A03:00: _OSC: OS supports [ExtendedConfig ASPM ClockPM Segments MSI]
[    0.288893] acpi PNP0A03:00: _OSC: platform does not support [AER]
[    0.289143] acpi PNP0A03:00: _OSC: OS now controls [PCIeHotplug PME PCIeCapability]
[    0.291047] PCI host bridge to bus 0000:00
[    0.291082] pci_bus 0000:00: root bus resource [mem 0x000a0000-0x000bffff window]
[    0.291134] pci_bus 0000:00: root bus resource [mem 0x000d0000-0x000d3fff window]
[    0.291185] pci_bus 0000:00: root bus resource [mem 0x000d4000-0x000d7fff window]
[    0.291237] pci_bus 0000:00: root bus resource [mem 0x000d8000-0x000dbfff window]
[    0.291288] pci_bus 0000:00: root bus resource [mem 0xc0000000-0xfebfffff window]
[    0.291340] pci_bus 0000:00: root bus resource [io  0x0000-0x0cf7 window]
[    0.291394] pci_bus 0000:00: root bus resource [io  0x0d00-0xfeff window]
[    0.291439] pci_bus 0000:00: root bus resource [bus 00-7f]
[    0.291518] pci 0000:00:00.0: [8086:7190] type 00 class 0x060000
[    0.292030] pci 0000:00:01.0: [8086:7191] type 01 class 0x060400
[    0.292521] pci 0000:00:07.0: [8086:7110] type 00 class 0x060100
[    0.293182] pci 0000:00:07.1: [8086:7111] type 00 class 0x01018a
[    0.294114] pci 0000:00:07.1: reg 0x20: [io  0x1060-0x106f]
[    0.294517] pci 0000:00:07.1: legacy IDE quirk: reg 0x10: [io  0x01f0-0x01f7]
[    0.294569] pci 0000:00:07.1: legacy IDE quirk: reg 0x14: [io  0x03f6]
[    0.294613] pci 0000:00:07.1: legacy IDE quirk: reg 0x18: [io  0x0170-0x0177]
[    0.294660] pci 0000:00:07.1: legacy IDE quirk: reg 0x1c: [io  0x0376]
[    0.294914] pci 0000:00:07.3: [8086:7113] type 00 class 0x068000
[    0.296279] pci 0000:00:07.3: quirk: [io  0x1000-0x103f] claimed by PIIX4 ACPI
[    0.296344] pci 0000:00:07.3: quirk: [io  0x1040-0x104f] claimed by PIIX4 SMB
[    0.296688] pci 0000:00:07.7: [15ad:0740] type 00 class 0x088000
[    0.297106] pci 0000:00:07.7: reg 0x10: [io  0x1080-0x10bf]
[    0.297455] pci 0000:00:07.7: reg 0x14: [mem 0xfebfe000-0xfebfffff 64bit]
[    0.299231] pci 0000:00:0f.0: [15ad:0405] type 00 class 0x030000
[    0.300004] pci 0000:00:0f.0: reg 0x10: [io  0x1070-0x107f]
[    0.300940] pci 0000:00:0f.0: reg 0x14: [mem 0xe8000000-0xefffffff pref]
[    0.301844] pci 0000:00:0f.0: reg 0x18: [mem 0xfe000000-0xfe7fffff]
[    0.305857] pci 0000:00:0f.0: reg 0x30: [mem 0x00000000-0x00007fff pref]
[    0.306327] pci 0000:00:10.0: [1000:0030] type 00 class 0x010000
[    0.306926] pci 0000:00:10.0: reg 0x10: [io  0x1400-0x14ff]
[    0.307445] pci 0000:00:10.0: reg 0x14: [mem 0xfeba0000-0xfebbffff 64bit]
[    0.308003] pci 0000:00:10.0: reg 0x1c: [mem 0xfebc0000-0xfebdffff 64bit]
[    0.308995] pci 0000:00:10.0: reg 0x30: [mem 0x00000000-0x00003fff pref]
[    0.309372] pci 0000:00:11.0: [15ad:0790] type 01 class 0x060401
[    0.310140] pci 0000:00:15.0: [15ad:07a0] type 01 class 0x060400
[    0.310862] pci 0000:00:15.0: PME# supported from D0 D3hot D3cold
[    0.311162] pci 0000:00:15.1: [15ad:07a0] type 01 class 0x060400
[    0.311872] pci 0000:00:15.1: PME# supported from D0 D3hot D3cold
[    0.312255] pci 0000:00:15.2: [15ad:07a0] type 01 class 0x060400
[    0.312962] pci 0000:00:15.2: PME# supported from D0 D3hot D3cold
[    0.313267] pci 0000:00:15.3: [15ad:07a0] type 01 class 0x060400
[    0.314000] pci 0000:00:15.3: PME# supported from D0 D3hot D3cold
[    0.314287] pci 0000:00:15.4: [15ad:07a0] type 01 class 0x060400
[    0.315002] pci 0000:00:15.4: PME# supported from D0 D3hot D3cold
[    0.315291] pci 0000:00:15.5: [15ad:07a0] type 01 class 0x060400
[    0.316019] pci 0000:00:15.5: PME# supported from D0 D3hot D3cold
[    0.316310] pci 0000:00:15.6: [15ad:07a0] type 01 class 0x060400
[    0.317023] pci 0000:00:15.6: PME# supported from D0 D3hot D3cold
[    0.317307] pci 0000:00:15.7: [15ad:07a0] type 01 class 0x060400
[    0.318002] pci 0000:00:15.7: PME# supported from D0 D3hot D3cold
[    0.318283] pci 0000:00:16.0: [15ad:07a0] type 01 class 0x060400
[    0.318996] pci 0000:00:16.0: PME# supported from D0 D3hot D3cold
[    0.319288] pci 0000:00:16.1: [15ad:07a0] type 01 class 0x060400
[    0.319993] pci 0000:00:16.1: PME# supported from D0 D3hot D3cold
[    0.320279] pci 0000:00:16.2: [15ad:07a0] type 01 class 0x060400
[    0.320983] pci 0000:00:16.2: PME# supported from D0 D3hot D3cold
[    0.321266] pci 0000:00:16.3: [15ad:07a0] type 01 class 0x060400
[    0.321963] pci 0000:00:16.3: PME# supported from D0 D3hot D3cold
[    0.322252] pci 0000:00:16.4: [15ad:07a0] type 01 class 0x060400
[    0.322964] pci 0000:00:16.4: PME# supported from D0 D3hot D3cold
[    0.323248] pci 0000:00:16.5: [15ad:07a0] type 01 class 0x060400
[    0.324003] pci 0000:00:16.5: PME# supported from D0 D3hot D3cold
[    0.324288] pci 0000:00:16.6: [15ad:07a0] type 01 class 0x060400
[    0.324994] pci 0000:00:16.6: PME# supported from D0 D3hot D3cold
[    0.325275] pci 0000:00:16.7: [15ad:07a0] type 01 class 0x060400
[    0.325987] pci 0000:00:16.7: PME# supported from D0 D3hot D3cold
[    0.326271] pci 0000:00:17.0: [15ad:07a0] type 01 class 0x060400
[    0.326987] pci 0000:00:17.0: PME# supported from D0 D3hot D3cold
[    0.327279] pci 0000:00:17.1: [15ad:07a0] type 01 class 0x060400
[    0.327984] pci 0000:00:17.1: PME# supported from D0 D3hot D3cold
[    0.328272] pci 0000:00:17.2: [15ad:07a0] type 01 class 0x060400
[    0.328974] pci 0000:00:17.2: PME# supported from D0 D3hot D3cold
[    0.329262] pci 0000:00:17.3: [15ad:07a0] type 01 class 0x060400
[    0.329966] pci 0000:00:17.3: PME# supported from D0 D3hot D3cold
[    0.330252] pci 0000:00:17.4: [15ad:07a0] type 01 class 0x060400
[    0.330966] pci 0000:00:17.4: PME# supported from D0 D3hot D3cold
[    0.331272] pci 0000:00:17.5: [15ad:07a0] type 01 class 0x060400
[    0.332003] pci 0000:00:17.5: PME# supported from D0 D3hot D3cold
[    0.332290] pci 0000:00:17.6: [15ad:07a0] type 01 class 0x060400
[    0.332985] pci 0000:00:17.6: PME# supported from D0 D3hot D3cold
[    0.333268] pci 0000:00:17.7: [15ad:07a0] type 01 class 0x060400
[    0.333990] pci 0000:00:17.7: PME# supported from D0 D3hot D3cold
[    0.334274] pci 0000:00:18.0: [15ad:07a0] type 01 class 0x060400
[    0.334971] pci 0000:00:18.0: PME# supported from D0 D3hot D3cold
[    0.335282] pci 0000:00:18.1: [15ad:07a0] type 01 class 0x060400
[    0.336044] pci 0000:00:18.1: PME# supported from D0 D3hot D3cold
[    0.336339] pci 0000:00:18.2: [15ad:07a0] type 01 class 0x060400
[    0.337043] pci 0000:00:18.2: PME# supported from D0 D3hot D3cold
[    0.337329] pci 0000:00:18.3: [15ad:07a0] type 01 class 0x060400
[    0.338054] pci 0000:00:18.3: PME# supported from D0 D3hot D3cold
[    0.338342] pci 0000:00:18.4: [15ad:07a0] type 01 class 0x060400
[    0.339034] pci 0000:00:18.4: PME# supported from D0 D3hot D3cold
[    0.339319] pci 0000:00:18.5: [15ad:07a0] type 01 class 0x060400
[    0.340139] pci 0000:00:18.5: PME# supported from D0 D3hot D3cold
[    0.340458] pci 0000:00:18.6: [15ad:07a0] type 01 class 0x060400
[    0.341179] pci 0000:00:18.6: PME# supported from D0 D3hot D3cold
[    0.341485] pci 0000:00:18.7: [15ad:07a0] type 01 class 0x060400
[    0.342204] pci 0000:00:18.7: PME# supported from D0 D3hot D3cold
[    0.342589] pci 0000:00:01.0: PCI bridge to [bus 01]
[    0.343021] acpiphp: Slot [32] registered
[    0.343091] acpiphp: Slot [33] registered
[    0.343160] acpiphp: Slot [34] registered
[    0.343235] acpiphp: Slot [35] registered
[    0.343303] acpiphp: Slot [36] registered
[    0.343372] acpiphp: Slot [37] registered
[    0.343458] acpiphp: Slot [38] registered
[    0.343527] acpiphp: Slot [39] registered
[    0.343594] acpiphp: Slot [40] registered
[    0.343662] acpiphp: Slot [41] registered
[    0.343729] acpiphp: Slot [42] registered
[    0.343796] acpiphp: Slot [43] registered
[    0.343867] acpiphp: Slot [44] registered
[    0.343935] acpiphp: Slot [45] registered
[    0.344014] acpiphp: Slot [46] registered
[    0.344086] acpiphp: Slot [47] registered
[    0.344153] acpiphp: Slot [48] registered
[    0.344220] acpiphp: Slot [49] registered
[    0.344287] acpiphp: Slot [50] registered
[    0.344354] acpiphp: Slot [51] registered
[    0.344423] acpiphp: Slot [52] registered
[    0.344490] acpiphp: Slot [53] registered
[    0.344557] acpiphp: Slot [54] registered
[    0.344624] acpiphp: Slot [55] registered
[    0.344695] acpiphp: Slot [56] registered
[    0.344761] acpiphp: Slot [57] registered
[    0.344829] acpiphp: Slot [58] registered
[    0.344900] acpiphp: Slot [59] registered
[    0.344967] acpiphp: Slot [60] registered
[    0.345034] acpiphp: Slot [61] registered
[    0.345101] acpiphp: Slot [62] registered
[    0.345167] acpiphp: Slot [63] registered
[    0.345263] pci 0000:02:00.0: [15ad:0774] type 00 class 0x0c0300
[    0.346325] pci 0000:02:00.0: reg 0x20: [io  0x2080-0x209f]
[    0.347442] pci 0000:02:01.0: [8086:100f] type 00 class 0x020000
[    0.348009] pci 0000:02:01.0: reg 0x10: [mem 0xfd5c0000-0xfd5dffff 64bit]
[    0.348650] pci 0000:02:01.0: reg 0x18: [mem 0xfdff0000-0xfdffffff 64bit]
[    0.349342] pci 0000:02:01.0: reg 0x20: [io  0x2000-0x203f]
[    0.350682] pci 0000:02:01.0: reg 0x30: [mem 0x00000000-0x0000ffff pref]
[    0.350954] pci 0000:02:01.0: PME# supported from D0 D3hot D3cold
[    0.351192] pci 0000:02:02.0: [1274:1371] type 00 class 0x040100
[    0.351479] pci 0000:02:02.0: reg 0x10: [io  0x2040-0x207f]
[    0.353199] pci 0000:02:03.0: [15ad:0770] type 00 class 0x0c0320
[    0.353540] pci 0000:02:03.0: reg 0x10: [mem 0xfd5ef000-0xfd5effff]
[    0.355525] pci 0000:02:05.0: [15ad:07e0] type 00 class 0x010601
[    0.357292] pci 0000:02:05.0: reg 0x24: [mem 0xfd5ee000-0xfd5eefff]
[    0.357549] pci 0000:02:05.0: reg 0x30: [mem 0x00000000-0x0000ffff pref]
[    0.357895] pci 0000:02:05.0: PME# supported from D3hot
[    0.358328] pci 0000:00:11.0: PCI bridge to [bus 02] (subtractive decode)
[    0.358410] pci 0000:00:11.0:   bridge window [io  0x2000-0x3fff]
[    0.358428] pci 0000:00:11.0:   bridge window [mem 0xfd500000-0xfdffffff]
[    0.358462] pci 0000:00:11.0:   bridge window [mem 0xe7b00000-0xe7ffffff 64bit pref]
[    0.358463] pci 0000:00:11.0:   bridge window [mem 0x000a0000-0x000bffff window] (subtractive decode)
[    0.358463] pci 0000:00:11.0:   bridge window [mem 0x000d0000-0x000d3fff window] (subtractive decode)
[    0.358464] pci 0000:00:11.0:   bridge window [mem 0x000d4000-0x000d7fff window] (subtractive decode)
[    0.358465] pci 0000:00:11.0:   bridge window [mem 0x000d8000-0x000dbfff window] (subtractive decode)
[    0.358466] pci 0000:00:11.0:   bridge window [mem 0xc0000000-0xfebfffff window] (subtractive decode)
[    0.358466] pci 0000:00:11.0:   bridge window [io  0x0000-0x0cf7 window] (subtractive decode)
[    0.358467] pci 0000:00:11.0:   bridge window [io  0x0d00-0xfeff window] (subtractive decode)
[    0.358750] pci 0000:00:15.0: PCI bridge to [bus 03]
[    0.358806] pci 0000:00:15.0:   bridge window [io  0x4000-0x4fff]
[    0.358824] pci 0000:00:15.0:   bridge window [mem 0xfd400000-0xfd4fffff]
[    0.358857] pci 0000:00:15.0:   bridge window [mem 0xe7a00000-0xe7afffff 64bit pref]
[    0.359116] pci 0000:00:15.1: PCI bridge to [bus 04]
[    0.359178] pci 0000:00:15.1:   bridge window [io  0x8000-0x8fff]
[    0.359196] pci 0000:00:15.1:   bridge window [mem 0xfd000000-0xfd0fffff]
[    0.359230] pci 0000:00:15.1:   bridge window [mem 0xe7600000-0xe76fffff 64bit pref]
[    0.359504] pci 0000:00:15.2: PCI bridge to [bus 05]
[    0.359560] pci 0000:00:15.2:   bridge window [io  0xc000-0xcfff]
[    0.359578] pci 0000:00:15.2:   bridge window [mem 0xfcc00000-0xfccfffff]
[    0.359611] pci 0000:00:15.2:   bridge window [mem 0xe7200000-0xe72fffff 64bit pref]
[    0.359880] pci 0000:00:15.3: PCI bridge to [bus 06]
[    0.359952] pci 0000:00:15.3:   bridge window [mem 0xfc800000-0xfc8fffff]
[    0.360022] pci 0000:00:15.3:   bridge window [mem 0xe6e00000-0xe6efffff 64bit pref]
[    0.360323] pci 0000:00:15.4: PCI bridge to [bus 07]
[    0.360531] pci 0000:00:15.4:   bridge window [mem 0xfc400000-0xfc4fffff]
[    0.360591] pci 0000:00:15.4:   bridge window [mem 0xe6a00000-0xe6afffff 64bit pref]
[    0.361202] pci 0000:00:15.5: PCI bridge to [bus 08]
[    0.361317] pci 0000:00:15.5:   bridge window [mem 0xfc000000-0xfc0fffff]
[    0.361358] pci 0000:00:15.5:   bridge window [mem 0xe6600000-0xe66fffff 64bit pref]
[    0.361671] pci 0000:00:15.6: PCI bridge to [bus 09]
[    0.361960] pci 0000:00:15.6:   bridge window [mem 0xfbc00000-0xfbcfffff]
[    0.361995] pci 0000:00:15.6:   bridge window [mem 0xe6200000-0xe62fffff 64bit pref]
[    0.362303] pci 0000:00:15.7: PCI bridge to [bus 0a]
[    0.362390] pci 0000:00:15.7:   bridge window [mem 0xfb800000-0xfb8fffff]
[    0.362432] pci 0000:00:15.7:   bridge window [mem 0xe5e00000-0xe5efffff 64bit pref]
[    0.362766] pci 0000:00:16.0: PCI bridge to [bus 0b]
[    0.362838] pci 0000:00:16.0:   bridge window [io  0x5000-0x5fff]
[    0.362861] pci 0000:00:16.0:   bridge window [mem 0xfd300000-0xfd3fffff]
[    0.362903] pci 0000:00:16.0:   bridge window [mem 0xe7900000-0xe79fffff 64bit pref]
[    0.363242] pci 0000:00:16.1: PCI bridge to [bus 0c]
[    0.363310] pci 0000:00:16.1:   bridge window [io  0x9000-0x9fff]
[    0.363332] pci 0000:00:16.1:   bridge window [mem 0xfcf00000-0xfcffffff]
[    0.363372] pci 0000:00:16.1:   bridge window [mem 0xe7500000-0xe75fffff 64bit pref]
[    0.363720] pci 0000:00:16.2: PCI bridge to [bus 0d]
[    0.363791] pci 0000:00:16.2:   bridge window [io  0xd000-0xdfff]
[    0.363813] pci 0000:00:16.2:   bridge window [mem 0xfcb00000-0xfcbfffff]
[    0.363853] pci 0000:00:16.2:   bridge window [mem 0xe7100000-0xe71fffff 64bit pref]
[    0.364161] pci 0000:00:16.3: PCI bridge to [bus 0e]
[    0.364239] pci 0000:00:16.3:   bridge window [mem 0xfc700000-0xfc7fffff]
[    0.364274] pci 0000:00:16.3:   bridge window [mem 0xe6d00000-0xe6dfffff 64bit pref]
[    0.364586] pci 0000:00:16.4: PCI bridge to [bus 0f]
[    0.364662] pci 0000:00:16.4:   bridge window [mem 0xfc300000-0xfc3fffff]
[    0.364697] pci 0000:00:16.4:   bridge window [mem 0xe6900000-0xe69fffff 64bit pref]
[    0.364972] pci 0000:00:16.5: PCI bridge to [bus 10]
[    0.365046] pci 0000:00:16.5:   bridge window [mem 0xfbf00000-0xfbffffff]
[    0.365081] pci 0000:00:16.5:   bridge window [mem 0xe6500000-0xe65fffff 64bit pref]
[    0.365350] pci 0000:00:16.6: PCI bridge to [bus 11]
[    0.365432] pci 0000:00:16.6:   bridge window [mem 0xfbb00000-0xfbbfffff]
[    0.365467] pci 0000:00:16.6:   bridge window [mem 0xe6100000-0xe61fffff 64bit pref]
[    0.365777] pci 0000:00:16.7: PCI bridge to [bus 12]
[    0.365857] pci 0000:00:16.7:   bridge window [mem 0xfb700000-0xfb7fffff]
[    0.365894] pci 0000:00:16.7:   bridge window [mem 0xe5d00000-0xe5dfffff 64bit pref]
[    0.366168] pci 0000:00:17.0: PCI bridge to [bus 13]
[    0.366226] pci 0000:00:17.0:   bridge window [io  0x6000-0x6fff]
[    0.366244] pci 0000:00:17.0:   bridge window [mem 0xfd200000-0xfd2fffff]
[    0.366279] pci 0000:00:17.0:   bridge window [mem 0xe7800000-0xe78fffff 64bit pref]
[    0.366569] pci 0000:00:17.1: PCI bridge to [bus 14]
[    0.366628] pci 0000:00:17.1:   bridge window [io  0xa000-0xafff]
[    0.366646] pci 0000:00:17.1:   bridge window [mem 0xfce00000-0xfcefffff]
[    0.366681] pci 0000:00:17.1:   bridge window [mem 0xe7400000-0xe74fffff 64bit pref]
[    0.366953] pci 0000:00:17.2: PCI bridge to [bus 15]
[    0.367010] pci 0000:00:17.2:   bridge window [io  0xe000-0xefff]
[    0.367028] pci 0000:00:17.2:   bridge window [mem 0xfca00000-0xfcafffff]
[    0.367064] pci 0000:00:17.2:   bridge window [mem 0xe7000000-0xe70fffff 64bit pref]
[    0.367333] pci 0000:00:17.3: PCI bridge to [bus 16]
[    0.367407] pci 0000:00:17.3:   bridge window [mem 0xfc600000-0xfc6fffff]
[    0.367451] pci 0000:00:17.3:   bridge window [mem 0xe6c00000-0xe6cfffff 64bit pref]
[    0.367733] pci 0000:00:17.4: PCI bridge to [bus 17]
[    0.367808] pci 0000:00:17.4:   bridge window [mem 0xfc200000-0xfc2fffff]
[    0.367843] pci 0000:00:17.4:   bridge window [mem 0xe6800000-0xe68fffff 64bit pref]
[    0.368135] pci 0000:00:17.5: PCI bridge to [bus 18]
[    0.368209] pci 0000:00:17.5:   bridge window [mem 0xfbe00000-0xfbefffff]
[    0.368245] pci 0000:00:17.5:   bridge window [mem 0xe6400000-0xe64fffff 64bit pref]
[    0.368522] pci 0000:00:17.6: PCI bridge to [bus 19]
[    0.368596] pci 0000:00:17.6:   bridge window [mem 0xfba00000-0xfbafffff]
[    0.368631] pci 0000:00:17.6:   bridge window [mem 0xe6000000-0xe60fffff 64bit pref]
[    0.368908] pci 0000:00:17.7: PCI bridge to [bus 1a]
[    0.368982] pci 0000:00:17.7:   bridge window [mem 0xfb600000-0xfb6fffff]
[    0.369017] pci 0000:00:17.7:   bridge window [mem 0xe5c00000-0xe5cfffff 64bit pref]
[    0.369306] pci 0000:00:18.0: PCI bridge to [bus 1b]
[    0.369363] pci 0000:00:18.0:   bridge window [io  0x7000-0x7fff]
[    0.369381] pci 0000:00:18.0:   bridge window [mem 0xfd100000-0xfd1fffff]
[    0.369416] pci 0000:00:18.0:   bridge window [mem 0xe7700000-0xe77fffff 64bit pref]
[    0.369744] pci 0000:00:18.1: PCI bridge to [bus 1c]
[    0.369802] pci 0000:00:18.1:   bridge window [io  0xb000-0xbfff]
[    0.369820] pci 0000:00:18.1:   bridge window [mem 0xfcd00000-0xfcdfffff]
[    0.369855] pci 0000:00:18.1:   bridge window [mem 0xe7300000-0xe73fffff 64bit pref]
[    0.370136] pci 0000:00:18.2: PCI bridge to [bus 1d]
[    0.370210] pci 0000:00:18.2:   bridge window [mem 0xfc900000-0xfc9fffff]
[    0.370245] pci 0000:00:18.2:   bridge window [mem 0xe6f00000-0xe6ffffff 64bit pref]
[    0.370540] pci 0000:00:18.3: PCI bridge to [bus 1e]
[    0.370615] pci 0000:00:18.3:   bridge window [mem 0xfc500000-0xfc5fffff]
[    0.370650] pci 0000:00:18.3:   bridge window [mem 0xe6b00000-0xe6bfffff 64bit pref]
[    0.370933] pci 0000:00:18.4: PCI bridge to [bus 1f]
[    0.371008] pci 0000:00:18.4:   bridge window [mem 0xfc100000-0xfc1fffff]
[    0.371044] pci 0000:00:18.4:   bridge window [mem 0xe6700000-0xe67fffff 64bit pref]
[    0.371314] pci 0000:00:18.5: PCI bridge to [bus 20]
[    0.371389] pci 0000:00:18.5:   bridge window [mem 0xfbd00000-0xfbdfffff]
[    0.371424] pci 0000:00:18.5:   bridge window [mem 0xe6300000-0xe63fffff 64bit pref]
[    0.371707] pci 0000:00:18.6: PCI bridge to [bus 21]
[    0.371782] pci 0000:00:18.6:   bridge window [mem 0xfb900000-0xfb9fffff]
[    0.371817] pci 0000:00:18.6:   bridge window [mem 0xe5f00000-0xe5ffffff 64bit pref]
[    0.372100] pci 0000:00:18.7: PCI bridge to [bus 22]
[    0.372174] pci 0000:00:18.7:   bridge window [mem 0xfb500000-0xfb5fffff]
[    0.372210] pci 0000:00:18.7:   bridge window [mem 0xe5b00000-0xe5bfffff 64bit pref]
[    0.374795] ACPI: PCI Interrupt Link [LNKA] (IRQs 3 4 5 6 7 *9 10 11 14 15)
[    0.374945] ACPI: PCI Interrupt Link [LNKB] (IRQs 3 4 5 6 7 9 10 *11 14 15)
[    0.375128] ACPI: PCI Interrupt Link [LNKC] (IRQs 3 4 5 6 7 9 *10 11 14 15)
[    0.375314] ACPI: PCI Interrupt Link [LNKD] (IRQs 3 4 5 6 *7 9 10 11 14 15)
[    0.418540] SCSI subsystem initialized
[    0.418540] libata version 3.00 loaded.
[    0.418540] pci 0000:00:0f.0: vgaarb: setting as boot VGA device
[    0.418540] pci 0000:00:0f.0: vgaarb: VGA device added: decodes=io+mem,owns=io+mem,locks=none
[    0.418540] pci 0000:00:0f.0: vgaarb: bridge control possible
[    0.418540] vgaarb: loaded
[    0.418540] ACPI: bus type USB registered
[    0.418540] usbcore: registered new interface driver usbfs
[    0.418540] usbcore: registered new interface driver hub
[    0.420026] usbcore: registered new device driver usb
[    0.420154] EDAC MC: Ver: 3.0.0
[    0.421526] PCI: Using ACPI for IRQ routing
[    0.422263] PCI: pci_cache_line_size set to 64 bytes
[    0.424784] e820: reserve RAM buffer [mem 0x0009e800-0x0009ffff]
[    0.424785] e820: reserve RAM buffer [mem 0xbfed0000-0xbfffffff]
[    0.424910] NetLabel: Initializing
[    0.424944] NetLabel:  domain hash size = 128
[    0.424976] NetLabel:  protocols = UNLABELED CIPSOv4 CALIPSO
[    0.425024] NetLabel:  unlabeled traffic allowed by default
[    0.425092] hpet0: at MMIO 0xfed00000, IRQs 2, 8, 0, 0, 0, 0, 0, 0, 0, 0, 0, 0, 0, 0, 0, 0
[    0.425092] hpet0: 16 comparators, 64-bit 14.318180 MHz counter
[    0.428036] clocksource: Switched to clocksource hpet
[    0.438415] VFS: Disk quotas dquot_6.6.0
[    0.438494] VFS: Dquot-cache hash table entries: 512 (order 0, 4096 bytes)
[    0.438668] AppArmor: AppArmor Filesystem Enabled
[    0.438727] pnp: PnP ACPI init
[    0.438960] system 00:00: [io  0x1000-0x103f] has been reserved
[    0.439005] system 00:00: [io  0x1040-0x104f] has been reserved
[    0.439046] system 00:00: [io  0x0cf0-0x0cf1] has been reserved
[    0.439090] system 00:00: Plug and Play ACPI device, IDs PNP0c02 (active)
[    0.439115] pnp 00:01: Plug and Play ACPI device, IDs PNP0b00 (active)
[    0.439129] pnp 00:02: Plug and Play ACPI device, IDs PNP0303 (active)
[    0.439142] pnp 00:03: Plug and Play ACPI device, IDs VMW0003 PNP0f13 (active)
[    0.439337] system 00:04: [mem 0xfed00000-0xfed003ff] has been reserved
[    0.439409] system 00:04: Plug and Play ACPI device, IDs PNP0103 PNP0c01 (active)
[    0.441158] pnp 00:05: Plug and Play ACPI device, IDs PNP0501 (active)
[    0.441604] system 00:06: [io  0xfce0-0xfcff] has been reserved
[    0.441659] system 00:06: [mem 0xf0000000-0xf7ffffff] has been reserved
[    0.441706] system 00:06: [mem 0xfe800000-0xfe9fffff] has been reserved
[    0.441753] system 00:06: Plug and Play ACPI device, IDs PNP0c02 (active)
[    0.481747] pnp: PnP ACPI: found 7 devices
[    0.493826] clocksource: acpi_pm: mask: 0xffffff max_cycles: 0xffffff, max_idle_ns: 2085701024 ns
[    0.493933] pci 0000:00:15.3: bridge window [io  0x1000-0x0fff] to [bus 06] add_size 1000
[    0.493934] pci 0000:00:15.4: bridge window [io  0x1000-0x0fff] to [bus 07] add_size 1000
[    0.493935] pci 0000:00:15.5: bridge window [io  0x1000-0x0fff] to [bus 08] add_size 1000
[    0.493937] pci 0000:00:15.6: bridge window [io  0x1000-0x0fff] to [bus 09] add_size 1000
[    0.493938] pci 0000:00:15.7: bridge window [io  0x1000-0x0fff] to [bus 0a] add_size 1000
[    0.493940] pci 0000:00:16.3: bridge window [io  0x1000-0x0fff] to [bus 0e] add_size 1000
[    0.493941] pci 0000:00:16.4: bridge window [io  0x1000-0x0fff] to [bus 0f] add_size 1000
[    0.493942] pci 0000:00:16.5: bridge window [io  0x1000-0x0fff] to [bus 10] add_size 1000
[    0.493944] pci 0000:00:16.6: bridge window [io  0x1000-0x0fff] to [bus 11] add_size 1000
[    0.493945] pci 0000:00:16.7: bridge window [io  0x1000-0x0fff] to [bus 12] add_size 1000
[    0.493946] pci 0000:00:17.3: bridge window [io  0x1000-0x0fff] to [bus 16] add_size 1000
[    0.493947] pci 0000:00:17.4: bridge window [io  0x1000-0x0fff] to [bus 17] add_size 1000
[    0.493950] pci 0000:00:17.5: bridge window [io  0x1000-0x0fff] to [bus 18] add_size 1000
[    0.493963] pci 0000:00:17.6: bridge window [io  0x1000-0x0fff] to [bus 19] add_size 1000
[    0.493965] pci 0000:00:17.7: bridge window [io  0x1000-0x0fff] to [bus 1a] add_size 1000
[    0.493966] pci 0000:00:18.2: bridge window [io  0x1000-0x0fff] to [bus 1d] add_size 1000
[    0.493967] pci 0000:00:18.3: bridge window [io  0x1000-0x0fff] to [bus 1e] add_size 1000
[    0.493968] pci 0000:00:18.4: bridge window [io  0x1000-0x0fff] to [bus 1f] add_size 1000
[    0.493968] pci 0000:00:18.5: bridge window [io  0x1000-0x0fff] to [bus 20] add_size 1000
[    0.493969] pci 0000:00:18.6: bridge window [io  0x1000-0x0fff] to [bus 21] add_size 1000
[    0.493970] pci 0000:00:18.7: bridge window [io  0x1000-0x0fff] to [bus 22] add_size 1000
[    0.493984] pci 0000:00:0f.0: BAR 6: assigned [mem 0xc0000000-0xc0007fff pref]
[    0.494037] pci 0000:00:10.0: BAR 6: assigned [mem 0xc0008000-0xc000bfff pref]
[    0.494089] pci 0000:00:15.3: BAR 13: no space for [io  size 0x1000]
[    0.494135] pci 0000:00:15.3: BAR 13: failed to assign [io  size 0x1000]
[    0.494181] pci 0000:00:15.4: BAR 13: no space for [io  size 0x1000]
[    0.494224] pci 0000:00:15.4: BAR 13: failed to assign [io  size 0x1000]
[    0.494269] pci 0000:00:15.5: BAR 13: no space for [io  size 0x1000]
[    0.494312] pci 0000:00:15.5: BAR 13: failed to assign [io  size 0x1000]
[    0.494360] pci 0000:00:15.6: BAR 13: no space for [io  size 0x1000]
[    0.494403] pci 0000:00:15.6: BAR 13: failed to assign [io  size 0x1000]
[    0.494472] pci 0000:00:15.7: BAR 13: no space for [io  size 0x1000]
[    0.494516] pci 0000:00:15.7: BAR 13: failed to assign [io  size 0x1000]
[    0.494574] pci 0000:00:16.3: BAR 13: no space for [io  size 0x1000]
[    0.494626] pci 0000:00:16.3: BAR 13: failed to assign [io  size 0x1000]
[    0.494672] pci 0000:00:16.4: BAR 13: no space for [io  size 0x1000]
[    0.494715] pci 0000:00:16.4: BAR 13: failed to assign [io  size 0x1000]
[    0.494762] pci 0000:00:16.5: BAR 13: no space for [io  size 0x1000]
[    0.494806] pci 0000:00:16.5: BAR 13: failed to assign [io  size 0x1000]
[    0.494852] pci 0000:00:16.6: BAR 13: no space for [io  size 0x1000]
[    0.494897] pci 0000:00:16.6: BAR 13: failed to assign [io  size 0x1000]
[    0.494956] pci 0000:00:16.7: BAR 13: no space for [io  size 0x1000]
[    0.495004] pci 0000:00:16.7: BAR 13: failed to assign [io  size 0x1000]
[    0.495051] pci 0000:00:17.3: BAR 13: no space for [io  size 0x1000]
[    0.495136] pci 0000:00:17.3: BAR 13: failed to assign [io  size 0x1000]
[    0.495196] pci 0000:00:17.4: BAR 13: no space for [io  size 0x1000]
[    0.495252] pci 0000:00:17.4: BAR 13: failed to assign [io  size 0x1000]
[    0.495304] pci 0000:00:17.5: BAR 13: no space for [io  size 0x1000]
[    0.495351] pci 0000:00:17.5: BAR 13: failed to assign [io  size 0x1000]
[    0.495402] pci 0000:00:17.6: BAR 13: no space for [io  size 0x1000]
[    0.495473] pci 0000:00:17.6: BAR 13: failed to assign [io  size 0x1000]
[    0.495525] pci 0000:00:17.7: BAR 13: no space for [io  size 0x1000]
[    0.495571] pci 0000:00:17.7: BAR 13: failed to assign [io  size 0x1000]
[    0.495620] pci 0000:00:18.2: BAR 13: no space for [io  size 0x1000]
[    0.495680] pci 0000:00:18.2: BAR 13: failed to assign [io  size 0x1000]
[    0.495729] pci 0000:00:18.3: BAR 13: no space for [io  size 0x1000]
[    0.495775] pci 0000:00:18.3: BAR 13: failed to assign [io  size 0x1000]
[    0.495823] pci 0000:00:18.4: BAR 13: no space for [io  size 0x1000]
[    0.495868] pci 0000:00:18.4: BAR 13: failed to assign [io  size 0x1000]
[    0.495915] pci 0000:00:18.5: BAR 13: no space for [io  size 0x1000]
[    0.495960] pci 0000:00:18.5: BAR 13: failed to assign [io  size 0x1000]
[    0.496008] pci 0000:00:18.6: BAR 13: no space for [io  size 0x1000]
[    0.496041] pci 0000:00:18.6: BAR 13: failed to assign [io  size 0x1000]
[    0.496041] pci 0000:00:18.7: BAR 13: no space for [io  size 0x1000]
[    0.496041] pci 0000:00:18.7: BAR 13: failed to assign [io  size 0x1000]
[    0.496041] pci 0000:00:18.7: BAR 13: no space for [io  size 0x1000]
[    0.496041] pci 0000:00:18.7: BAR 13: failed to assign [io  size 0x1000]
[    0.496041] pci 0000:00:18.6: BAR 13: no space for [io  size 0x1000]
[    0.496041] pci 0000:00:18.6: BAR 13: failed to assign [io  size 0x1000]
[    0.496041] pci 0000:00:18.5: BAR 13: no space for [io  size 0x1000]
[    0.496512] pci 0000:00:18.5: BAR 13: failed to assign [io  size 0x1000]
[    0.496573] pci 0000:00:18.4: BAR 13: no space for [io  size 0x1000]
[    0.496627] pci 0000:00:18.4: BAR 13: failed to assign [io  size 0x1000]
[    0.496683] pci 0000:00:18.3: BAR 13: no space for [io  size 0x1000]
[    0.496737] pci 0000:00:18.3: BAR 13: failed to assign [io  size 0x1000]
[    0.496795] pci 0000:00:18.2: BAR 13: no space for [io  size 0x1000]
[    0.496849] pci 0000:00:18.2: BAR 13: failed to assign [io  size 0x1000]
[    0.496907] pci 0000:00:17.7: BAR 13: no space for [io  size 0x1000]
[    0.496961] pci 0000:00:17.7: BAR 13: failed to assign [io  size 0x1000]
[    0.497019] pci 0000:00:17.6: BAR 13: no space for [io  size 0x1000]
[    0.497071] pci 0000:00:17.6: BAR 13: failed to assign [io  size 0x1000]
[    0.497125] pci 0000:00:17.5: BAR 13: no space for [io  size 0x1000]
[    0.497170] pci 0000:00:17.5: BAR 13: failed to assign [io  size 0x1000]
[    0.497217] pci 0000:00:17.4: BAR 13: no space for [io  size 0x1000]
[    0.497263] pci 0000:00:17.4: BAR 13: failed to assign [io  size 0x1000]
[    0.497310] pci 0000:00:17.3: BAR 13: no space for [io  size 0x1000]
[    0.497355] pci 0000:00:17.3: BAR 13: failed to assign [io  size 0x1000]
[    0.497406] pci 0000:00:16.7: BAR 13: no space for [io  size 0x1000]
[    0.497466] pci 0000:00:16.7: BAR 13: failed to assign [io  size 0x1000]
[    0.497516] pci 0000:00:16.6: BAR 13: no space for [io  size 0x1000]
[    0.497568] pci 0000:00:16.6: BAR 13: failed to assign [io  size 0x1000]
[    0.497628] pci 0000:00:16.5: BAR 13: no space for [io  size 0x1000]
[    0.497683] pci 0000:00:16.5: BAR 13: failed to assign [io  size 0x1000]
[    0.497735] pci 0000:00:16.4: BAR 13: no space for [io  size 0x1000]
[    0.497780] pci 0000:00:16.4: BAR 13: failed to assign [io  size 0x1000]
[    0.497836] pci 0000:00:16.3: BAR 13: no space for [io  size 0x1000]
[    0.497892] pci 0000:00:16.3: BAR 13: failed to assign [io  size 0x1000]
[    0.497949] pci 0000:00:15.7: BAR 13: no space for [io  size 0x1000]
[    0.497995] pci 0000:00:15.7: BAR 13: failed to assign [io  size 0x1000]
[    0.498050] pci 0000:00:15.6: BAR 13: no space for [io  size 0x1000]
[    0.498102] pci 0000:00:15.6: BAR 13: failed to assign [io  size 0x1000]
[    0.498158] pci 0000:00:15.5: BAR 13: no space for [io  size 0x1000]
[    0.498207] pci 0000:00:15.5: BAR 13: failed to assign [io  size 0x1000]
[    0.498259] pci 0000:00:15.4: BAR 13: no space for [io  size 0x1000]
[    0.498304] pci 0000:00:15.4: BAR 13: failed to assign [io  size 0x1000]
[    0.498352] pci 0000:00:15.3: BAR 13: no space for [io  size 0x1000]
[    0.498408] pci 0000:00:15.3: BAR 13: failed to assign [io  size 0x1000]
[    0.498490] pci 0000:00:01.0: PCI bridge to [bus 01]
[    0.498791] pci 0000:02:01.0: BAR 6: assigned [mem 0xfd500000-0xfd50ffff pref]
[    0.498864] pci 0000:02:05.0: BAR 6: assigned [mem 0xfd510000-0xfd51ffff pref]
[    0.498931] pci 0000:00:11.0: PCI bridge to [bus 02]
[    0.498993] pci 0000:00:11.0:   bridge window [io  0x2000-0x3fff]
[    0.499081] pci 0000:00:11.0:   bridge window [mem 0xfd500000-0xfdffffff]
[    0.499161] pci 0000:00:11.0:   bridge window [mem 0xe7b00000-0xe7ffffff 64bit pref]
[    0.499273] pci 0000:00:15.0: PCI bridge to [bus 03]
[    0.499330] pci 0000:00:15.0:   bridge window [io  0x4000-0x4fff]
[    0.499414] pci 0000:00:15.0:   bridge window [mem 0xfd400000-0xfd4fffff]
[    0.499506] pci 0000:00:15.0:   bridge window [mem 0xe7a00000-0xe7afffff 64bit pref]
[    0.499663] pci 0000:00:15.1: PCI bridge to [bus 04]
[    0.499715] pci 0000:00:15.1:   bridge window [io  0x8000-0x8fff]
[    0.499794] pci 0000:00:15.1:   bridge window [mem 0xfd000000-0xfd0fffff]
[    0.499883] pci 0000:00:15.1:   bridge window [mem 0xe7600000-0xe76fffff 64bit pref]
[    0.500042] pci 0000:00:15.2: PCI bridge to [bus 05]
[    0.500105] pci 0000:00:15.2:   bridge window [io  0xc000-0xcfff]
[    0.500187] pci 0000:00:15.2:   bridge window [mem 0xfcc00000-0xfccfffff]
[    0.500267] pci 0000:00:15.2:   bridge window [mem 0xe7200000-0xe72fffff 64bit pref]
[    0.500400] pci 0000:00:15.3: PCI bridge to [bus 06]
[    0.500488] pci 0000:00:15.3:   bridge window [mem 0xfc800000-0xfc8fffff]
[    0.500566] pci 0000:00:15.3:   bridge window [mem 0xe6e00000-0xe6efffff 64bit pref]
[    0.500983] pci 0000:00:15.4: PCI bridge to [bus 07]
[    0.501062] pci 0000:00:15.4:   bridge window [mem 0xfc400000-0xfc4fffff]
[    0.501140] pci 0000:00:15.4:   bridge window [mem 0xe6a00000-0xe6afffff 64bit pref]
[    0.501279] pci 0000:00:15.5: PCI bridge to [bus 08]
[    0.501359] pci 0000:00:15.5:   bridge window [mem 0xfc000000-0xfc0fffff]
[    0.501441] pci 0000:00:15.5:   bridge window [mem 0xe6600000-0xe66fffff 64bit pref]
[    0.501564] pci 0000:00:15.6: PCI bridge to [bus 09]
[    0.501632] pci 0000:00:15.6:   bridge window [mem 0xfbc00000-0xfbcfffff]
[    0.501700] pci 0000:00:15.6:   bridge window [mem 0xe6200000-0xe62fffff 64bit pref]
[    0.501818] pci 0000:00:15.7: PCI bridge to [bus 0a]
[    0.501908] pci 0000:00:15.7:   bridge window [mem 0xfb800000-0xfb8fffff]
[    0.501990] pci 0000:00:15.7:   bridge window [mem 0xe5e00000-0xe5efffff 64bit pref]
[    0.502126] pci 0000:00:16.0: PCI bridge to [bus 0b]
[    0.502186] pci 0000:00:16.0:   bridge window [io  0x5000-0x5fff]
[    0.502277] pci 0000:00:16.0:   bridge window [mem 0xfd300000-0xfd3fffff]
[    0.502358] pci 0000:00:16.0:   bridge window [mem 0xe7900000-0xe79fffff 64bit pref]
[    0.502549] pci 0000:00:16.1: PCI bridge to [bus 0c]
[    0.502615] pci 0000:00:16.1:   bridge window [io  0x9000-0x9fff]
[    0.502708] pci 0000:00:16.1:   bridge window [mem 0xfcf00000-0xfcffffff]
[    0.502968] pci 0000:00:16.1:   bridge window [mem 0xe7500000-0xe75fffff 64bit pref]
[    0.503113] pci 0000:00:16.2: PCI bridge to [bus 0d]
[    0.503164] pci 0000:00:16.2:   bridge window [io  0xd000-0xdfff]
[    0.503232] pci 0000:00:16.2:   bridge window [mem 0xfcb00000-0xfcbfffff]
[    0.503296] pci 0000:00:16.2:   bridge window [mem 0xe7100000-0xe71fffff 64bit pref]
[    0.503399] pci 0000:00:16.3: PCI bridge to [bus 0e]
[    0.503471] pci 0000:00:16.3:   bridge window [mem 0xfc700000-0xfc7fffff]
[    0.503539] pci 0000:00:16.3:   bridge window [mem 0xe6d00000-0xe6dfffff 64bit pref]
[    0.503642] pci 0000:00:16.4: PCI bridge to [bus 0f]
[    0.503706] pci 0000:00:16.4:   bridge window [mem 0xfc300000-0xfc3fffff]
[    0.503769] pci 0000:00:16.4:   bridge window [mem 0xe6900000-0xe69fffff 64bit pref]
[    0.503870] pci 0000:00:16.5: PCI bridge to [bus 10]
[    0.503933] pci 0000:00:16.5:   bridge window [mem 0xfbf00000-0xfbffffff]
[    0.503995] pci 0000:00:16.5:   bridge window [mem 0xe6500000-0xe65fffff 64bit pref]
[    0.504203] pci 0000:00:16.6: PCI bridge to [bus 11]
[    0.504270] pci 0000:00:16.6:   bridge window [mem 0xfbb00000-0xfbbfffff]
[    0.504334] pci 0000:00:16.6:   bridge window [mem 0xe6100000-0xe61fffff 64bit pref]
[    0.504487] pci 0000:00:16.7: PCI bridge to [bus 12]
[    0.504553] pci 0000:00:16.7:   bridge window [mem 0xfb700000-0xfb7fffff]
[    0.504616] pci 0000:00:16.7:   bridge window [mem 0xe5d00000-0xe5dfffff 64bit pref]
[    0.504719] pci 0000:00:17.0: PCI bridge to [bus 13]
[    0.504765] pci 0000:00:17.0:   bridge window [io  0x6000-0x6fff]
[    0.504833] pci 0000:00:17.0:   bridge window [mem 0xfd200000-0xfd2fffff]
[    0.504896] pci 0000:00:17.0:   bridge window [mem 0xe7800000-0xe78fffff 64bit pref]
[    0.505018] pci 0000:00:17.1: PCI bridge to [bus 14]
[    0.505076] pci 0000:00:17.1:   bridge window [io  0xa000-0xafff]
[    0.505152] pci 0000:00:17.1:   bridge window [mem 0xfce00000-0xfcefffff]
[    0.505215] pci 0000:00:17.1:   bridge window [mem 0xe7400000-0xe74fffff 64bit pref]
[    0.505318] pci 0000:00:17.2: PCI bridge to [bus 15]
[    0.505364] pci 0000:00:17.2:   bridge window [io  0xe000-0xefff]
[    0.505479] pci 0000:00:17.2:   bridge window [mem 0xfca00000-0xfcafffff]
[    0.505625] pci 0000:00:17.2:   bridge window [mem 0xe7000000-0xe70fffff 64bit pref]
[    0.505836] pci 0000:00:17.3: PCI bridge to [bus 16]
[    0.505912] pci 0000:00:17.3:   bridge window [mem 0xfc600000-0xfc6fffff]
[    0.505984] pci 0000:00:17.3:   bridge window [mem 0xe6c00000-0xe6cfffff 64bit pref]
[    0.506101] pci 0000:00:17.4: PCI bridge to [bus 17]
[    0.506176] pci 0000:00:17.4:   bridge window [mem 0xfc200000-0xfc2fffff]
[    0.506250] pci 0000:00:17.4:   bridge window [mem 0xe6800000-0xe68fffff 64bit pref]
[    0.506384] pci 0000:00:17.5: PCI bridge to [bus 18]
[    0.506714] pci 0000:00:17.5:   bridge window [mem 0xfbe00000-0xfbefffff]
[    0.506790] pci 0000:00:17.5:   bridge window [mem 0xe6400000-0xe64fffff 64bit pref]
[    0.506917] pci 0000:00:17.6: PCI bridge to [bus 19]
[    0.506981] pci 0000:00:17.6:   bridge window [mem 0xfba00000-0xfbafffff]
[    0.507047] pci 0000:00:17.6:   bridge window [mem 0xe6000000-0xe60fffff 64bit pref]
[    0.507164] pci 0000:00:17.7: PCI bridge to [bus 1a]
[    0.507230] pci 0000:00:17.7:   bridge window [mem 0xfb600000-0xfb6fffff]
[    0.507296] pci 0000:00:17.7:   bridge window [mem 0xe5c00000-0xe5cfffff 64bit pref]
[    0.507401] pci 0000:00:18.0: PCI bridge to [bus 1b]
[    0.507459] pci 0000:00:18.0:   bridge window [io  0x7000-0x7fff]
[    0.507538] pci 0000:00:18.0:   bridge window [mem 0xfd100000-0xfd1fffff]
[    0.507607] pci 0000:00:18.0:   bridge window [mem 0xe7700000-0xe77fffff 64bit pref]
[    0.507850] pci 0000:00:18.1: PCI bridge to [bus 1c]
[    0.507902] pci 0000:00:18.1:   bridge window [io  0xb000-0xbfff]
[    0.507973] pci 0000:00:18.1:   bridge window [mem 0xfcd00000-0xfcdfffff]
[    0.508064] pci 0000:00:18.1:   bridge window [mem 0xe7300000-0xe73fffff 64bit pref]
[    0.508173] pci 0000:00:18.2: PCI bridge to [bus 1d]
[    0.508247] pci 0000:00:18.2:   bridge window [mem 0xfc900000-0xfc9fffff]
[    0.508337] pci 0000:00:18.2:   bridge window [mem 0xe6f00000-0xe6ffffff 64bit pref]
[    0.508482] pci 0000:00:18.3: PCI bridge to [bus 1e]
[    0.508562] pci 0000:00:18.3:   bridge window [mem 0xfc500000-0xfc5fffff]
[    0.508642] pci 0000:00:18.3:   bridge window [mem 0xe6b00000-0xe6bfffff 64bit pref]
[    0.508764] pci 0000:00:18.4: PCI bridge to [bus 1f]
[    0.508845] pci 0000:00:18.4:   bridge window [mem 0xfc100000-0xfc1fffff]
[    0.508928] pci 0000:00:18.4:   bridge window [mem 0xe6700000-0xe67fffff 64bit pref]
[    0.509071] pci 0000:00:18.5: PCI bridge to [bus 20]
[    0.509162] pci 0000:00:18.5:   bridge window [mem 0xfbd00000-0xfbdfffff]
[    0.509257] pci 0000:00:18.5:   bridge window [mem 0xe6300000-0xe63fffff 64bit pref]
[    0.509400] pci 0000:00:18.6: PCI bridge to [bus 21]
[    0.509530] pci 0000:00:18.6:   bridge window [mem 0xfb900000-0xfb9fffff]
[    0.509616] pci 0000:00:18.6:   bridge window [mem 0xe5f00000-0xe5ffffff 64bit pref]
[    0.509751] pci 0000:00:18.7: PCI bridge to [bus 22]
[    0.509831] pci 0000:00:18.7:   bridge window [mem 0xfb500000-0xfb5fffff]
[    0.509912] pci 0000:00:18.7:   bridge window [mem 0xe5b00000-0xe5bfffff 64bit pref]
[    0.510023] pci_bus 0000:00: resource 4 [mem 0x000a0000-0x000bffff window]
[    0.510025] pci_bus 0000:00: resource 5 [mem 0x000d0000-0x000d3fff window]
[    0.510025] pci_bus 0000:00: resource 6 [mem 0x000d4000-0x000d7fff window]
[    0.510026] pci_bus 0000:00: resource 7 [mem 0x000d8000-0x000dbfff window]
[    0.510027] pci_bus 0000:00: resource 8 [mem 0xc0000000-0xfebfffff window]
[    0.510028] pci_bus 0000:00: resource 9 [io  0x0000-0x0cf7 window]
[    0.510029] pci_bus 0000:00: resource 10 [io  0x0d00-0xfeff window]
[    0.510031] pci_bus 0000:02: resource 0 [io  0x2000-0x3fff]
[    0.510032] pci_bus 0000:02: resource 1 [mem 0xfd500000-0xfdffffff]
[    0.510033] pci_bus 0000:02: resource 2 [mem 0xe7b00000-0xe7ffffff 64bit pref]
[    0.510033] pci_bus 0000:02: resource 4 [mem 0x000a0000-0x000bffff window]
[    0.510034] pci_bus 0000:02: resource 5 [mem 0x000d0000-0x000d3fff window]
[    0.510034] pci_bus 0000:02: resource 6 [mem 0x000d4000-0x000d7fff window]
[    0.510035] pci_bus 0000:02: resource 7 [mem 0x000d8000-0x000dbfff window]
[    0.510036] pci_bus 0000:02: resource 8 [mem 0xc0000000-0xfebfffff window]
[    0.510037] pci_bus 0000:02: resource 9 [io  0x0000-0x0cf7 window]
[    0.510037] pci_bus 0000:02: resource 10 [io  0x0d00-0xfeff window]
[    0.510039] pci_bus 0000:03: resource 0 [io  0x4000-0x4fff]
[    0.510039] pci_bus 0000:03: resource 1 [mem 0xfd400000-0xfd4fffff]
[    0.510040] pci_bus 0000:03: resource 2 [mem 0xe7a00000-0xe7afffff 64bit pref]
[    0.510041] pci_bus 0000:04: resource 0 [io  0x8000-0x8fff]
[    0.510041] pci_bus 0000:04: resource 1 [mem 0xfd000000-0xfd0fffff]
[    0.510042] pci_bus 0000:04: resource 2 [mem 0xe7600000-0xe76fffff 64bit pref]
[    0.510043] pci_bus 0000:05: resource 0 [io  0xc000-0xcfff]
[    0.510043] pci_bus 0000:05: resource 1 [mem 0xfcc00000-0xfccfffff]
[    0.510044] pci_bus 0000:05: resource 2 [mem 0xe7200000-0xe72fffff 64bit pref]
[    0.510045] pci_bus 0000:06: resource 1 [mem 0xfc800000-0xfc8fffff]
[    0.510046] pci_bus 0000:06: resource 2 [mem 0xe6e00000-0xe6efffff 64bit pref]
[    0.510047] pci_bus 0000:07: resource 1 [mem 0xfc400000-0xfc4fffff]
[    0.510048] pci_bus 0000:07: resource 2 [mem 0xe6a00000-0xe6afffff 64bit pref]
[    0.510048] pci_bus 0000:08: resource 1 [mem 0xfc000000-0xfc0fffff]
[    0.510049] pci_bus 0000:08: resource 2 [mem 0xe6600000-0xe66fffff 64bit pref]
[    0.510050] pci_bus 0000:09: resource 1 [mem 0xfbc00000-0xfbcfffff]
[    0.510051] pci_bus 0000:09: resource 2 [mem 0xe6200000-0xe62fffff 64bit pref]
[    0.510051] pci_bus 0000:0a: resource 1 [mem 0xfb800000-0xfb8fffff]
[    0.510052] pci_bus 0000:0a: resource 2 [mem 0xe5e00000-0xe5efffff 64bit pref]
[    0.510053] pci_bus 0000:0b: resource 0 [io  0x5000-0x5fff]
[    0.510053] pci_bus 0000:0b: resource 1 [mem 0xfd300000-0xfd3fffff]
[    0.510054] pci_bus 0000:0b: resource 2 [mem 0xe7900000-0xe79fffff 64bit pref]
[    0.510055] pci_bus 0000:0c: resource 0 [io  0x9000-0x9fff]
[    0.510056] pci_bus 0000:0c: resource 1 [mem 0xfcf00000-0xfcffffff]
[    0.510056] pci_bus 0000:0c: resource 2 [mem 0xe7500000-0xe75fffff 64bit pref]
[    0.510057] pci_bus 0000:0d: resource 0 [io  0xd000-0xdfff]
[    0.510058] pci_bus 0000:0d: resource 1 [mem 0xfcb00000-0xfcbfffff]
[    0.510059] pci_bus 0000:0d: resource 2 [mem 0xe7100000-0xe71fffff 64bit pref]
[    0.510060] pci_bus 0000:0e: resource 1 [mem 0xfc700000-0xfc7fffff]
[    0.510060] pci_bus 0000:0e: resource 2 [mem 0xe6d00000-0xe6dfffff 64bit pref]
[    0.510061] pci_bus 0000:0f: resource 1 [mem 0xfc300000-0xfc3fffff]
[    0.510062] pci_bus 0000:0f: resource 2 [mem 0xe6900000-0xe69fffff 64bit pref]
[    0.510063] pci_bus 0000:10: resource 1 [mem 0xfbf00000-0xfbffffff]
[    0.510064] pci_bus 0000:10: resource 2 [mem 0xe6500000-0xe65fffff 64bit pref]
[    0.510065] pci_bus 0000:11: resource 1 [mem 0xfbb00000-0xfbbfffff]
[    0.510065] pci_bus 0000:11: resource 2 [mem 0xe6100000-0xe61fffff 64bit pref]
[    0.510067] pci_bus 0000:12: resource 1 [mem 0xfb700000-0xfb7fffff]
[    0.510067] pci_bus 0000:12: resource 2 [mem 0xe5d00000-0xe5dfffff 64bit pref]
[    0.510068] pci_bus 0000:13: resource 0 [io  0x6000-0x6fff]
[    0.510069] pci_bus 0000:13: resource 1 [mem 0xfd200000-0xfd2fffff]
[    0.510069] pci_bus 0000:13: resource 2 [mem 0xe7800000-0xe78fffff 64bit pref]
[    0.510071] pci_bus 0000:14: resource 0 [io  0xa000-0xafff]
[    0.510071] pci_bus 0000:14: resource 1 [mem 0xfce00000-0xfcefffff]
[    0.510072] pci_bus 0000:14: resource 2 [mem 0xe7400000-0xe74fffff 64bit pref]
[    0.510073] pci_bus 0000:15: resource 0 [io  0xe000-0xefff]
[    0.510074] pci_bus 0000:15: resource 1 [mem 0xfca00000-0xfcafffff]
[    0.510074] pci_bus 0000:15: resource 2 [mem 0xe7000000-0xe70fffff 64bit pref]
[    0.510075] pci_bus 0000:16: resource 1 [mem 0xfc600000-0xfc6fffff]
[    0.510076] pci_bus 0000:16: resource 2 [mem 0xe6c00000-0xe6cfffff 64bit pref]
[    0.510076] pci_bus 0000:17: resource 1 [mem 0xfc200000-0xfc2fffff]
[    0.510077] pci_bus 0000:17: resource 2 [mem 0xe6800000-0xe68fffff 64bit pref]
[    0.510078] pci_bus 0000:18: resource 1 [mem 0xfbe00000-0xfbefffff]
[    0.510079] pci_bus 0000:18: resource 2 [mem 0xe6400000-0xe64fffff 64bit pref]
[    0.510080] pci_bus 0000:19: resource 1 [mem 0xfba00000-0xfbafffff]
[    0.510080] pci_bus 0000:19: resource 2 [mem 0xe6000000-0xe60fffff 64bit pref]
[    0.510081] pci_bus 0000:1a: resource 1 [mem 0xfb600000-0xfb6fffff]
[    0.510082] pci_bus 0000:1a: resource 2 [mem 0xe5c00000-0xe5cfffff 64bit pref]
[    0.510083] pci_bus 0000:1b: resource 0 [io  0x7000-0x7fff]
[    0.510083] pci_bus 0000:1b: resource 1 [mem 0xfd100000-0xfd1fffff]
[    0.510084] pci_bus 0000:1b: resource 2 [mem 0xe7700000-0xe77fffff 64bit pref]
[    0.510085] pci_bus 0000:1c: resource 0 [io  0xb000-0xbfff]
[    0.510085] pci_bus 0000:1c: resource 1 [mem 0xfcd00000-0xfcdfffff]
[    0.510086] pci_bus 0000:1c: resource 2 [mem 0xe7300000-0xe73fffff 64bit pref]
[    0.510087] pci_bus 0000:1d: resource 1 [mem 0xfc900000-0xfc9fffff]
[    0.510088] pci_bus 0000:1d: resource 2 [mem 0xe6f00000-0xe6ffffff 64bit pref]
[    0.510089] pci_bus 0000:1e: resource 1 [mem 0xfc500000-0xfc5fffff]
[    0.510089] pci_bus 0000:1e: resource 2 [mem 0xe6b00000-0xe6bfffff 64bit pref]
[    0.510090] pci_bus 0000:1f: resource 1 [mem 0xfc100000-0xfc1fffff]
[    0.510091] pci_bus 0000:1f: resource 2 [mem 0xe6700000-0xe67fffff 64bit pref]
[    0.510091] pci_bus 0000:20: resource 1 [mem 0xfbd00000-0xfbdfffff]
[    0.510092] pci_bus 0000:20: resource 2 [mem 0xe6300000-0xe63fffff 64bit pref]
[    0.510093] pci_bus 0000:21: resource 1 [mem 0xfb900000-0xfb9fffff]
[    0.510093] pci_bus 0000:21: resource 2 [mem 0xe5f00000-0xe5ffffff 64bit pref]
[    0.510094] pci_bus 0000:22: resource 1 [mem 0xfb500000-0xfb5fffff]
[    0.510095] pci_bus 0000:22: resource 2 [mem 0xe5b00000-0xe5bfffff 64bit pref]
[    0.510384] NET: Registered protocol family 2
[    0.511072] TCP established hash table entries: 32768 (order: 6, 262144 bytes)
[    0.511299] TCP bind hash table entries: 32768 (order: 7, 524288 bytes)
[    0.511615] TCP: Hash tables configured (established 32768 bind 32768)
[    0.511962] UDP hash table entries: 2048 (order: 4, 65536 bytes)
[    0.512041] UDP-Lite hash table entries: 2048 (order: 4, 65536 bytes)
[    0.512045] NET: Registered protocol family 1
[    0.512520] pci 0000:00:00.0: Limiting direct PCI/PCI transfers
[    0.512699] pci 0000:00:0f.0: Video device with shadowed ROM at [mem 0x000c0000-0x000dffff]
[    0.514442] PCI: CLS mismatch (32 != 64), using 64 bytes
[    0.515907] Unpacking initramfs...
[    1.203906] Freeing initrd memory: 57048K
[    1.203997] PCI-DMA: Using software bounce buffering for IO (SWIOTLB)
[    1.204042] software IO TLB: mapped [mem 0xbbed0000-0xbfed0000] (64MB)
[    1.204249] Scanning for low memory corruption every 60 seconds
[    1.205680] Initialise system trusted keyrings
[    1.205725] Key type blacklist registered
[    1.205841] workingset: timestamp_bits=36 max_order=20 bucket_order=0
[    1.206736] zbud: loaded
[    1.207285] squashfs: version 4.0 (2009/01/31) Phillip Lougher
[    1.207613] fuse init (API version 7.26)
[    1.210730] Key type asymmetric registered
[    1.210769] Asymmetric key parser 'x509' registered
[    1.210855] Block layer SCSI generic (bsg) driver version 0.4 loaded (major 246)
[    1.211042] io scheduler noop registered
[    1.211085] io scheduler deadline registered
[    1.211154] io scheduler cfq registered (default)
[    1.229032] pcieport 0000:00:15.0: Signaling PME with IRQ 24
[    1.229303] pcieport 0000:00:15.1: Signaling PME with IRQ 25
[    1.229563] pcieport 0000:00:15.2: Signaling PME with IRQ 26
[    1.229761] pcieport 0000:00:15.3: Signaling PME with IRQ 27
[    1.229955] pcieport 0000:00:15.4: Signaling PME with IRQ 28
[    1.230184] pcieport 0000:00:15.5: Signaling PME with IRQ 29
[    1.230418] pcieport 0000:00:15.6: Signaling PME with IRQ 30
[    1.230620] pcieport 0000:00:15.7: Signaling PME with IRQ 31
[    1.230815] pcieport 0000:00:16.0: Signaling PME with IRQ 32
[    1.231032] pcieport 0000:00:16.1: Signaling PME with IRQ 33
[    1.231247] pcieport 0000:00:16.2: Signaling PME with IRQ 34
[    1.231442] pcieport 0000:00:16.3: Signaling PME with IRQ 35
[    1.231638] pcieport 0000:00:16.4: Signaling PME with IRQ 36
[    1.231843] pcieport 0000:00:16.5: Signaling PME with IRQ 37
[    1.232064] pcieport 0000:00:16.6: Signaling PME with IRQ 38
[    1.232278] pcieport 0000:00:16.7: Signaling PME with IRQ 39
[    1.232472] pcieport 0000:00:17.0: Signaling PME with IRQ 40
[    1.232667] pcieport 0000:00:17.1: Signaling PME with IRQ 41
[    1.232864] pcieport 0000:00:17.2: Signaling PME with IRQ 42
[    1.233062] pcieport 0000:00:17.3: Signaling PME with IRQ 43
[    1.233266] pcieport 0000:00:17.4: Signaling PME with IRQ 44
[    1.233461] pcieport 0000:00:17.5: Signaling PME with IRQ 45
[    1.233655] pcieport 0000:00:17.6: Signaling PME with IRQ 46
[    1.233852] pcieport 0000:00:17.7: Signaling PME with IRQ 47
[    1.234048] pcieport 0000:00:18.0: Signaling PME with IRQ 48
[    1.234288] pcieport 0000:00:18.1: Signaling PME with IRQ 49
[    1.234538] pcieport 0000:00:18.2: Signaling PME with IRQ 50
[    1.234755] pcieport 0000:00:18.3: Signaling PME with IRQ 51
[    1.234955] pcieport 0000:00:18.4: Signaling PME with IRQ 52
[    1.235173] pcieport 0000:00:18.5: Signaling PME with IRQ 53
[    1.235370] pcieport 0000:00:18.6: Signaling PME with IRQ 54
[    1.235765] pcieport 0000:00:18.7: Signaling PME with IRQ 55
[    1.235874] pciehp 0000:00:15.0:pcie004: Slot #160 AttnBtn+ PwrCtrl+ MRL- AttnInd- PwrInd- HotPlug+ Surprise- Interlock- NoCompl+ LLActRep+
[    1.236113] pciehp 0000:00:15.1:pcie004: Slot #161 AttnBtn+ PwrCtrl+ MRL- AttnInd- PwrInd- HotPlug+ Surprise- Interlock- NoCompl+ LLActRep+
[    1.236303] pciehp 0000:00:15.2:pcie004: Slot #162 AttnBtn+ PwrCtrl+ MRL- AttnInd- PwrInd- HotPlug+ Surprise- Interlock- NoCompl+ LLActRep+
[    1.236463] pciehp 0000:00:15.3:pcie004: Slot #163 AttnBtn+ PwrCtrl+ MRL- AttnInd- PwrInd- HotPlug+ Surprise- Interlock- NoCompl+ LLActRep+
[    1.236621] pciehp 0000:00:15.4:pcie004: Slot #164 AttnBtn+ PwrCtrl+ MRL- AttnInd- PwrInd- HotPlug+ Surprise- Interlock- NoCompl+ LLActRep+
[    1.236792] pciehp 0000:00:15.5:pcie004: Slot #165 AttnBtn+ PwrCtrl+ MRL- AttnInd- PwrInd- HotPlug+ Surprise- Interlock- NoCompl+ LLActRep+
[    1.236954] pciehp 0000:00:15.6:pcie004: Slot #166 AttnBtn+ PwrCtrl+ MRL- AttnInd- PwrInd- HotPlug+ Surprise- Interlock- NoCompl+ LLActRep+
[    1.237114] pciehp 0000:00:15.7:pcie004: Slot #167 AttnBtn+ PwrCtrl+ MRL- AttnInd- PwrInd- HotPlug+ Surprise- Interlock- NoCompl+ LLActRep+
[    1.237269] pciehp 0000:00:16.0:pcie004: Slot #192 AttnBtn+ PwrCtrl+ MRL- AttnInd- PwrInd- HotPlug+ Surprise- Interlock- NoCompl+ LLActRep+
[    1.237423] pciehp 0000:00:16.1:pcie004: Slot #193 AttnBtn+ PwrCtrl+ MRL- AttnInd- PwrInd- HotPlug+ Surprise- Interlock- NoCompl+ LLActRep+
[    1.237576] pciehp 0000:00:16.2:pcie004: Slot #194 AttnBtn+ PwrCtrl+ MRL- AttnInd- PwrInd- HotPlug+ Surprise- Interlock- NoCompl+ LLActRep+
[    1.237730] pciehp 0000:00:16.3:pcie004: Slot #195 AttnBtn+ PwrCtrl+ MRL- AttnInd- PwrInd- HotPlug+ Surprise- Interlock- NoCompl+ LLActRep+
[    1.237884] pciehp 0000:00:16.4:pcie004: Slot #196 AttnBtn+ PwrCtrl+ MRL- AttnInd- PwrInd- HotPlug+ Surprise- Interlock- NoCompl+ LLActRep+
[    1.238045] pciehp 0000:00:16.5:pcie004: Slot #197 AttnBtn+ PwrCtrl+ MRL- AttnInd- PwrInd- HotPlug+ Surprise- Interlock- NoCompl+ LLActRep+
[    1.238210] pciehp 0000:00:16.6:pcie004: Slot #198 AttnBtn+ PwrCtrl+ MRL- AttnInd- PwrInd- HotPlug+ Surprise- Interlock- NoCompl+ LLActRep+
[    1.238363] pciehp 0000:00:16.7:pcie004: Slot #199 AttnBtn+ PwrCtrl+ MRL- AttnInd- PwrInd- HotPlug+ Surprise- Interlock- NoCompl+ LLActRep+
[    1.238517] pciehp 0000:00:17.0:pcie004: Slot #224 AttnBtn+ PwrCtrl+ MRL- AttnInd- PwrInd- HotPlug+ Surprise- Interlock- NoCompl+ LLActRep+
[    1.238675] pciehp 0000:00:17.1:pcie004: Slot #225 AttnBtn+ PwrCtrl+ MRL- AttnInd- PwrInd- HotPlug+ Surprise- Interlock- NoCompl+ LLActRep+
[    1.238870] pciehp 0000:00:17.2:pcie004: Slot #226 AttnBtn+ PwrCtrl+ MRL- AttnInd- PwrInd- HotPlug+ Surprise- Interlock- NoCompl+ LLActRep+
[    1.239033] pciehp 0000:00:17.3:pcie004: Slot #227 AttnBtn+ PwrCtrl+ MRL- AttnInd- PwrInd- HotPlug+ Surprise- Interlock- NoCompl+ LLActRep+
[    1.239277] pciehp 0000:00:17.4:pcie004: Slot #228 AttnBtn+ PwrCtrl+ MRL- AttnInd- PwrInd- HotPlug+ Surprise- Interlock- NoCompl+ LLActRep+
[    1.239432] pciehp 0000:00:17.5:pcie004: Slot #229 AttnBtn+ PwrCtrl+ MRL- AttnInd- PwrInd- HotPlug+ Surprise- Interlock- NoCompl+ LLActRep+
[    1.239588] pciehp 0000:00:17.6:pcie004: Slot #230 AttnBtn+ PwrCtrl+ MRL- AttnInd- PwrInd- HotPlug+ Surprise- Interlock- NoCompl+ LLActRep+
[    1.239743] pciehp 0000:00:17.7:pcie004: Slot #231 AttnBtn+ PwrCtrl+ MRL- AttnInd- PwrInd- HotPlug+ Surprise- Interlock- NoCompl+ LLActRep+
[    1.239899] pciehp 0000:00:18.0:pcie004: Slot #256 AttnBtn+ PwrCtrl+ MRL- AttnInd- PwrInd- HotPlug+ Surprise- Interlock- NoCompl+ LLActRep+
[    1.240145] pciehp 0000:00:18.1:pcie004: Slot #257 AttnBtn+ PwrCtrl+ MRL- AttnInd- PwrInd- HotPlug+ Surprise- Interlock- NoCompl+ LLActRep+
[    1.240354] pciehp 0000:00:18.2:pcie004: Slot #258 AttnBtn+ PwrCtrl+ MRL- AttnInd- PwrInd- HotPlug+ Surprise- Interlock- NoCompl+ LLActRep+
[    1.240535] pciehp 0000:00:18.3:pcie004: Slot #259 AttnBtn+ PwrCtrl+ MRL- AttnInd- PwrInd- HotPlug+ Surprise- Interlock- NoCompl+ LLActRep+
[    1.240726] pciehp 0000:00:18.4:pcie004: Slot #260 AttnBtn+ PwrCtrl+ MRL- AttnInd- PwrInd- HotPlug+ Surprise- Interlock- NoCompl+ LLActRep+
[    1.240923] pciehp 0000:00:18.5:pcie004: Slot #261 AttnBtn+ PwrCtrl+ MRL- AttnInd- PwrInd- HotPlug+ Surprise- Interlock- NoCompl+ LLActRep+
[    1.241126] pciehp 0000:00:18.6:pcie004: Slot #262 AttnBtn+ PwrCtrl+ MRL- AttnInd- PwrInd- HotPlug+ Surprise- Interlock- NoCompl+ LLActRep+
[    1.241332] pciehp 0000:00:18.7:pcie004: Slot #263 AttnBtn+ PwrCtrl+ MRL- AttnInd- PwrInd- HotPlug+ Surprise- Interlock- NoCompl+ LLActRep+
[    1.241971] ACPI: AC Adapter [ACAD] (on-line)
[    1.242167] input: Power Button as /devices/LNXSYSTM:00/LNXPWRBN:00/input/input0
[    1.242287] ACPI: Power Button [PWRF]
[    1.243026] Serial: 8250/16550 driver, 32 ports, IRQ sharing enabled
[    1.266077] 00:05: ttyS0 at I/O 0x3f8 (irq = 4, base_baud = 115200) is a 16550A
[    1.267441] Linux agpgart interface v0.103
[    1.267572] agpgart-intel 0000:00:00.0: Intel 440BX Chipset
[    1.267986] agpgart-intel 0000:00:00.0: AGP aperture is 256M @ 0x0
[    1.273929] loop: module loaded
[    1.274056] ata_piix 0000:00:07.1: version 2.13
[    1.274558] scsi host0: ata_piix
[    1.274765] scsi host1: ata_piix
[    1.274813] ata1: PATA max UDMA/33 cmd 0x1f0 ctl 0x3f6 bmdma 0x1060 irq 14
[    1.274861] ata2: PATA max UDMA/33 cmd 0x170 ctl 0x376 bmdma 0x1068 irq 15
[    1.275025] libphy: Fixed MDIO Bus: probed
[    1.275059] tun: Universal TUN/TAP device driver, 1.6
[    1.275134] PPP generic driver version 2.4.2
[    1.275197] ehci_hcd: USB 2.0 'Enhanced' Host Controller (EHCI) Driver
[    1.275244] ehci-pci: EHCI PCI platform driver
[    1.275733] ehci-pci 0000:02:03.0: EHCI Host Controller
[    1.275778] ehci-pci 0000:02:03.0: new USB bus registered, assigned bus number 1
[    1.275981] ehci-pci 0000:02:03.0: cache line size of 64 is not supported
[    1.276003] ehci-pci 0000:02:03.0: irq 17, io mem 0xfd5ef000
[    1.292200] ehci-pci 0000:02:03.0: USB 2.0 started, EHCI 1.00
[    1.292314] usb usb1: New USB device found, idVendor=1d6b, idProduct=0002
[    1.292363] usb usb1: New USB device strings: Mfr=3, Product=2, SerialNumber=1
[    1.292415] usb usb1: Product: EHCI Host Controller
[    1.292452] usb usb1: Manufacturer: Linux 4.15.0-123-generic ehci_hcd
[    1.292497] usb usb1: SerialNumber: 0000:02:03.0
[    1.292630] hub 1-0:1.0: USB hub found
[    1.292665] hub 1-0:1.0: 6 ports detected
[    1.292839] ehci-platform: EHCI generic platform driver
[    1.292892] ohci_hcd: USB 1.1 'Open' Host Controller (OHCI) Driver
[    1.292938] ohci-pci: OHCI PCI platform driver
[    1.292982] ohci-platform: OHCI generic platform driver
[    1.293024] uhci_hcd: USB Universal Host Controller Interface driver
[    1.293510] uhci_hcd 0000:02:00.0: UHCI Host Controller
[    1.293555] uhci_hcd 0000:02:00.0: new USB bus registered, assigned bus number 2
[    1.293640] uhci_hcd 0000:02:00.0: detected 2 ports
[    1.293818] uhci_hcd 0000:02:00.0: irq 18, io base 0x00002080
[    1.293949] usb usb2: New USB device found, idVendor=1d6b, idProduct=0001
[    1.293997] usb usb2: New USB device strings: Mfr=3, Product=2, SerialNumber=1
[    1.294048] usb usb2: Product: UHCI Host Controller
[    1.294084] usb usb2: Manufacturer: Linux 4.15.0-123-generic uhci_hcd
[    1.294128] usb usb2: SerialNumber: 0000:02:00.0
[    1.294350] hub 2-0:1.0: USB hub found
[    1.294385] hub 2-0:1.0: 2 ports detected
[    1.294631] i8042: PNP: PS/2 Controller [PNP0303:KBC,PNP0f13:MOUS] at 0x60,0x64 irq 1,12
[    1.295405] serio: i8042 KBD port at 0x60,0x64 irq 1
[    1.295483] serio: i8042 AUX port at 0x60,0x64 irq 12
[    1.295582] mousedev: PS/2 mouse device common for all mice
[    1.316022] rtc_cmos 00:01: rtc core: registered rtc_cmos as rtc0
[    1.316211] rtc_cmos 00:01: alarms up to one month, y3k, 114 bytes nvram, hpet irqs
[    1.316275] i2c /dev entries driver
[    1.316365] device-mapper: uevent: version 1.0.3
[    1.316503] device-mapper: ioctl: 4.37.0-ioctl (2017-09-20) initialised: dm-devel@redhat.com
[    1.316773] ledtrig-cpu: registered to indicate activity on CPUs
[    1.316926] input: AT Translated Set 2 keyboard as /devices/platform/i8042/serio0/input/input1
[    1.317558] NET: Registered protocol family 10
[    1.320960] Segment Routing with IPv6
[    1.321006] NET: Registered protocol family 17
[    1.321101] Key type dns_resolver registered
[    1.321290] mce: Using 8 MCE banks
[    1.321326] RAS: Correctable Errors collector initialized.
[    1.321373] sched_clock: Marking stable (1321222874, 0)->(1468627243, -147404369)
[    1.321707] registered taskstats version 1
[    1.321749] Loading compiled-in X.509 certificates
[    1.323585] Loaded X.509 cert 'Build time autogenerated kernel key: 423d6fc95fe30468112015aeb92af84ef3acf368'
[    1.323679] zswap: loaded using pool lzo/zbud
[    1.326402] Key type big_key registered
[    1.326439] Key type trusted registered
[    1.327756] Key type encrypted registered
[    1.327792] AppArmor: AppArmor sha1 policy hashing enabled
[    1.327831] ima: No TPM chip found, activating TPM-bypass! (rc=-19)
[    1.327881] ima: Allocated hash algorithm: sha1
[    1.327923] evm: HMAC attrs: 0x1
[    1.331798]   Magic number: 12:628:605
[    1.331798] acpi PNP0C80:16f: hash matches
[    1.332426] rtc_cmos 00:01: setting system clock to 2020-11-15 23:34:26 UTC (1605483266)
[    1.332656] BIOS EDD facility v0.16 2004-Jun-25, 0 devices found
[    1.332699] EDD information not available.
[    1.457383] Freeing unused kernel image memory: 2436K
[    1.473446] Write protecting the kernel read-only data: 20480k
[    1.474168] Freeing unused kernel image memory: 2008K
[    1.474460] Freeing unused kernel image memory: 1872K
[    1.482190] x86/mm: Checked W+X mappings: passed, no W+X pages found.
[    1.628324] usb 2-1: new full-speed USB device number 2 using uhci_hcd
[    1.729696] piix4_smbus 0000:00:07.3: SMBus Host Controller not enabled!
[    1.733033] Fusion MPT base driver 3.04.20
[    1.733088] Copyright (c) 1999-2008 LSI Corporation
[    1.735351] Fusion MPT SPI Host driver 3.04.20
[    1.739177] e1000: Intel(R) PRO/1000 Network Driver - version 7.3.21-k8-NAPI
[    1.739251] e1000: Copyright (c) 1999-2006 Intel Corporation.
[    1.752434] mptbase: ioc0: Initiating bringup
[    1.758413] input: VirtualPS/2 VMware VMMouse as /devices/platform/i8042/serio1/input/input4
[    1.759358] input: VirtualPS/2 VMware VMMouse as /devices/platform/i8042/serio1/input/input3
[    1.793883] AVX2 version of gcm_enc/dec engaged.
[    1.793925] AES CTR mode by8 optimization enabled
[    1.816772] usb 2-1: New USB device found, idVendor=0e0f, idProduct=0003
[    1.816829] usb 2-1: New USB device strings: Mfr=1, Product=2, SerialNumber=0
[    1.817060] usb 2-1: Product: VMware Virtual USB Mouse
[    1.817097] usb 2-1: Manufacturer: VMware
[    1.861022] ioc0: LSI53C1030 B0: Capabilities={Initiator}
[    1.956852] usb 2-2: new full-speed USB device number 3 using uhci_hcd
[    2.103352] scsi host2: ioc0: LSI53C1030 B0, FwRev=01032920h, Ports=1, MaxQ=128, IRQ=17
[    2.136104] usb 2-2: New USB device found, idVendor=0e0f, idProduct=0002
[    2.136162] usb 2-2: New USB device strings: Mfr=1, Product=2, SerialNumber=0
[    2.136210] usb 2-2: Product: VMware Virtual USB Hub
[    2.136246] usb 2-2: Manufacturer: VMware, Inc.
[    2.143835] e1000 0000:02:01.0 eth0: (PCI:66MHz:32-bit) 00:0c:29:f5:e4:b0
[    2.143894] e1000 0000:02:01.0 eth0: Intel(R) PRO/1000 Network Connection
[    2.144100] ahci 0000:02:05.0: version 3.0
[    2.144966] ahci 0000:02:05.0: AHCI 0001.0300 32 slots 30 ports 6 Gbps 0x3fffffff impl SATA mode
[    2.145076] ahci 0000:02:05.0: flags: 64bit ncq clo only 
[    2.147053] hub 2-2:1.0: USB hub found
[    2.149109] e1000 0000:02:01.0 ens33: renamed from eth0
[    2.149447] scsi host3: ahci
[    2.149589] scsi host4: ahci
[    2.149746] scsi host5: ahci
[    2.149893] scsi host6: ahci
[    2.150108] scsi host7: ahci
[    2.150288] scsi host8: ahci
[    2.150583] scsi host9: ahci
[    2.150753] scsi host10: ahci
[    2.150935] scsi host11: ahci
[    2.151105] scsi host12: ahci
[    2.151290] scsi host13: ahci
[    2.151494] scsi host14: ahci
[    2.151675] scsi host15: ahci
[    2.151914] scsi host16: ahci
[    2.152247] scsi host17: ahci
[    2.152439] scsi host18: ahci
[    2.152626] scsi host19: ahci
[    2.152810] scsi host20: ahci
[    2.153030] hub 2-2:1.0: 7 ports detected
[    2.153091] scsi host21: ahci
[    2.153277] scsi host22: ahci
[    2.153462] scsi host23: ahci
[    2.153639] scsi host24: ahci
[    2.153807] scsi host25: ahci
[    2.153999] scsi host26: ahci
[    2.154221] scsi host27: ahci
[    2.154471] scsi host28: ahci
[    2.154650] scsi host29: ahci
[    2.154842] scsi host30: ahci
[    2.155058] scsi host31: ahci
[    2.155270] scsi host32: ahci
[    2.155330] ata3: SATA max UDMA/133 abar m4096@0xfd5ee000 port 0xfd5ee100 irq 56
[    2.155383] ata4: SATA max UDMA/133 abar m4096@0xfd5ee000 port 0xfd5ee180 irq 56
[    2.155435] ata5: SATA max UDMA/133 abar m4096@0xfd5ee000 port 0xfd5ee200 irq 56
[    2.155487] ata6: SATA max UDMA/133 abar m4096@0xfd5ee000 port 0xfd5ee280 irq 56
[    2.155538] ata7: SATA max UDMA/133 abar m4096@0xfd5ee000 port 0xfd5ee300 irq 56
[    2.155589] ata8: SATA max UDMA/133 abar m4096@0xfd5ee000 port 0xfd5ee380 irq 56
[    2.155641] ata9: SATA max UDMA/133 abar m4096@0xfd5ee000 port 0xfd5ee400 irq 56
[    2.155692] ata10: SATA max UDMA/133 abar m4096@0xfd5ee000 port 0xfd5ee480 irq 56
[    2.155744] ata11: SATA max UDMA/133 abar m4096@0xfd5ee000 port 0xfd5ee500 irq 56
[    2.155796] ata12: SATA max UDMA/133 abar m4096@0xfd5ee000 port 0xfd5ee580 irq 56
[    2.155847] ata13: SATA max UDMA/133 abar m4096@0xfd5ee000 port 0xfd5ee600 irq 56
[    2.155899] ata14: SATA max UDMA/133 abar m4096@0xfd5ee000 port 0xfd5ee680 irq 56
[    2.156049] ata15: SATA max UDMA/133 abar m4096@0xfd5ee000 port 0xfd5ee700 irq 56
[    2.156113] ata16: SATA max UDMA/133 abar m4096@0xfd5ee000 port 0xfd5ee780 irq 56
[    2.156175] ata17: SATA max UDMA/133 abar m4096@0xfd5ee000 port 0xfd5ee800 irq 56
[    2.156237] ata18: SATA max UDMA/133 abar m4096@0xfd5ee000 port 0xfd5ee880 irq 56
[    2.156299] ata19: SATA max UDMA/133 abar m4096@0xfd5ee000 port 0xfd5ee900 irq 56
[    2.156362] ata20: SATA max UDMA/133 abar m4096@0xfd5ee000 port 0xfd5ee980 irq 56
[    2.156425] ata21: SATA max UDMA/133 abar m4096@0xfd5ee000 port 0xfd5eea00 irq 56
[    2.156487] ata22: SATA max UDMA/133 abar m4096@0xfd5ee000 port 0xfd5eea80 irq 56
[    2.156549] ata23: SATA max UDMA/133 abar m4096@0xfd5ee000 port 0xfd5eeb00 irq 56
[    2.156611] ata24: SATA max UDMA/133 abar m4096@0xfd5ee000 port 0xfd5eeb80 irq 56
[    2.156673] ata25: SATA max UDMA/133 abar m4096@0xfd5ee000 port 0xfd5eec00 irq 56
[    2.156737] ata26: SATA max UDMA/133 abar m4096@0xfd5ee000 port 0xfd5eec80 irq 56
[    2.156803] ata27: SATA max UDMA/133 abar m4096@0xfd5ee000 port 0xfd5eed00 irq 56
[    2.156867] ata28: SATA max UDMA/133 abar m4096@0xfd5ee000 port 0xfd5eed80 irq 56
[    2.156943] ata29: SATA max UDMA/133 abar m4096@0xfd5ee000 port 0xfd5eee00 irq 56
[    2.157007] ata30: SATA max UDMA/133 abar m4096@0xfd5ee000 port 0xfd5eee80 irq 56
[    2.157066] ata31: SATA max UDMA/133 abar m4096@0xfd5ee000 port 0xfd5eef00 irq 56
[    2.157118] ata32: SATA max UDMA/133 abar m4096@0xfd5ee000 port 0xfd5eef80 irq 56
[    2.179427] hidraw: raw HID events driver (C) Jiri Kosina
[    2.183177] usbcore: registered new interface driver usbhid
[    2.183223] usbhid: USB HID core driver
[    2.184823] input: VMware VMware Virtual USB Mouse as /devices/pci0000:00/0000:00:11.0/0000:02:00.0/usb2/2-1/2-1:1.0/0003:0E0F:0003.0001/input/input5
[    2.184991] hid-generic 0003:0E0F:0003.0001: input,hidraw0: USB HID v1.10 Mouse [VMware VMware Virtual USB Mouse] on usb-0000:02:00.0-1/input0
[    2.210163] tsc: Refined TSC clocksource calibration: 3599.987 MHz
[    2.210283] clocksource: tsc: mask: 0xffffffffffffffff max_cycles: 0x33e4467e0c6, max_idle_ns: 440795211700 ns
[    2.210493] clocksource: Switched to clocksource tsc
[    2.274740] scsi 2:0:0:0: Direct-Access     VMware,  VMware Virtual S 1.0  PQ: 0 ANSI: 2
[    2.275269] [drm] DMA map mode: Using physical TTM page addresses.
[    2.275418] [drm] Capabilities:
[    2.275444] [drm]   Rect copy.
[    2.275469] [drm]   Cursor.
[    2.275493] [drm]   Cursor bypass.
[    2.275520] [drm]   Cursor bypass 2.
[    2.275547] [drm]   8bit emulation.
[    2.275574] [drm]   Alpha cursor.
[    2.275601] [drm]   3D.
[    2.275622] [drm]   Extended Fifo.
[    2.275649] [drm]   Multimon.
[    2.275673] [drm]   Pitchlock.
[    2.275698] [drm]   Irq mask.
[    2.275722] [drm]   Display Topology.
[    2.275750] [drm]   GMR.
[    2.275772] [drm]   Traces.
[    2.275795] [drm]   GMR2.
[    2.275818] [drm]   Screen Object 2.
[    2.275845] [drm]   Command Buffers.
[    2.275873] [drm]   Command Buffers 2.
[    2.275901] [drm]   Guest Backed Resources.
[    2.275932] [drm]   DX Features.
[    2.275958] [drm] Max GMR ids is 64
[    2.275985] [drm] Max number of GMR pages is 65536
[    2.276020] [drm] Max dedicated hypervisor surface memory is 0 kiB
[    2.276083] [drm] Maximum display memory size is 262144 kiB
[    2.276122] [drm] VRAM at 0xe8000000 size is 4096 kiB
[    2.276158] [drm] MMIO at 0xfe000000 size is 256 kiB
[    2.276197] [drm] global init.
[    2.276270] [TTM] Zone  kernel: Available graphics memory: 2007932 kiB
[    2.276316] [TTM] Initializing pool allocator
